Component: ARM Compiler 5.06 update 5 (build 528) Tool: armlink [4d35e2]

==============================================================================

Section Cross References

    startup_stm32f103xb.o(RESET) refers to startup_stm32f103xb.o(STACK) for __initial_sp
    startup_stm32f103xb.o(RESET) refers to startup_stm32f103xb.o(.text) for Reset_Handler
    startup_stm32f103xb.o(RESET) refers to stm32f1xx_it.o(i.NMI_Handler) for NMI_Handler
    startup_stm32f103xb.o(RESET) refers to stm32f1xx_it.o(i.HardFault_Handler) for HardFault_Handler
    startup_stm32f103xb.o(RESET) refers to stm32f1xx_it.o(i.MemManage_Handler) for MemManage_Handler
    startup_stm32f103xb.o(RESET) refers to stm32f1xx_it.o(i.BusFault_Handler) for BusFault_Handler
    startup_stm32f103xb.o(RESET) refers to stm32f1xx_it.o(i.UsageFault_Handler) for UsageFault_Handler
    startup_stm32f103xb.o(RESET) refers to stm32f1xx_it.o(i.SVC_Handler) for SVC_Handler
    startup_stm32f103xb.o(RESET) refers to stm32f1xx_it.o(i.DebugMon_Handler) for DebugMon_Handler
    startup_stm32f103xb.o(RESET) refers to stm32f1xx_it.o(i.PendSV_Handler) for PendSV_Handler
    startup_stm32f103xb.o(RESET) refers to stm32f1xx_it.o(i.SysTick_Handler) for SysTick_Handler
    startup_stm32f103xb.o(RESET) refers to stm32f1xx_it.o(i.EXTI4_IRQHandler) for EXTI4_IRQHandler
    startup_stm32f103xb.o(RESET) refers to stm32f1xx_it.o(i.TIM1_UP_IRQHandler) for TIM1_UP_IRQHandler
    startup_stm32f103xb.o(RESET) refers to stm32f1xx_it.o(i.TIM2_IRQHandler) for TIM2_IRQHandler
    startup_stm32f103xb.o(RESET) refers to stm32f1xx_it.o(i.TIM4_IRQHandler) for TIM4_IRQHandler
    startup_stm32f103xb.o(RESET) refers to stm32f1xx_it.o(i.USART1_IRQHandler) for USART1_IRQHandler
    startup_stm32f103xb.o(RESET) refers to stm32f1xx_it.o(i.USART3_IRQHandler) for USART3_IRQHandler
    startup_stm32f103xb.o(RESET) refers to stm32f1xx_it.o(i.EXTI15_10_IRQHandler) for EXTI15_10_IRQHandler
    startup_stm32f103xb.o(.text) refers to system_stm32f1xx.o(i.SystemInit) for SystemInit
    startup_stm32f103xb.o(.text) refers to entry.o(.ARM.Collect$$$$00000000) for __main
    main.o(i.SystemClock_Config) refers to memseta.o(.text) for __aeabi_memclr4
    main.o(i.SystemClock_Config) refers to stm32f1xx_hal_rcc.o(i.HAL_RCC_OscConfig) for HAL_RCC_OscConfig
    main.o(i.SystemClock_Config) refers to stm32f1xx_hal_rcc.o(i.HAL_RCC_ClockConfig) for HAL_RCC_ClockConfig
    main.o(i.SystemClock_Config) refers to stm32f1xx_hal_rcc_ex.o(i.HAL_RCCEx_PeriphCLKConfig) for HAL_RCCEx_PeriphCLKConfig
    main.o(i.main) refers to stm32f1xx_hal.o(i.HAL_Init) for HAL_Init
    main.o(i.main) refers to main.o(i.SystemClock_Config) for SystemClock_Config
    main.o(i.main) refers to gpio.o(i.MX_GPIO_Init) for MX_GPIO_Init
    main.o(i.main) refers to usart.o(i.MX_USART1_UART_Init) for MX_USART1_UART_Init
    main.o(i.main) refers to tim.o(i.MX_TIM1_Init) for MX_TIM1_Init
    main.o(i.main) refers to tim.o(i.MX_TIM2_Init) for MX_TIM2_Init
    main.o(i.main) refers to tim.o(i.MX_TIM4_Init) for MX_TIM4_Init
    main.o(i.main) refers to adc.o(i.MX_ADC2_Init) for MX_ADC2_Init
    main.o(i.main) refers to usart.o(i.MX_USART3_UART_Init) for MX_USART3_UART_Init
    main.o(i.main) refers to oled.o(i.OLED_Init) for OLED_Init
    main.o(i.main) refers to oled.o(i.OLED_Clear) for OLED_Clear
    main.o(i.main) refers to pid.o(i.PID_Init) for PID_Init
    main.o(i.main) refers to stm32f1xx_hal.o(i.HAL_Delay) for HAL_Delay
    main.o(i.main) refers to mpu6050.o(i.MPU_Init) for MPU_Init
    main.o(i.main) refers to inv_mpu.o(i.mpu_dmp_init) for mpu_dmp_init
    main.o(i.main) refers to stm32f1xx_hal_tim.o(i.HAL_TIM_PWM_Start) for HAL_TIM_PWM_Start
    main.o(i.main) refers to stm32f1xx_hal_tim.o(i.HAL_TIM_Encoder_Start) for HAL_TIM_Encoder_Start
    main.o(i.main) refers to stm32f1xx_hal_tim.o(i.HAL_TIM_Base_Start_IT) for HAL_TIM_Base_Start_IT
    main.o(i.main) refers to stm32f1xx_hal_uart.o(i.HAL_UART_Receive_IT) for HAL_UART_Receive_IT
    main.o(i.main) refers to printfa.o(i.__0sprintf) for __2sprintf
    main.o(i.main) refers to oled.o(i.OLED_ShowString) for OLED_ShowString
    main.o(i.main) refers to strlen.o(.text) for strlen
    main.o(i.main) refers to stm32f1xx_hal_uart.o(i.HAL_UART_Transmit) for HAL_UART_Transmit
    main.o(i.main) refers to motor.o(i.Motor_SetSpeed) for Motor_SetSpeed
    main.o(i.main) refers to f2d.o(.text) for __aeabi_f2d
    main.o(i.main) refers to adc.o(i.adcGetBatteryVoltage) for adcGetBatteryVoltage
    main.o(i.main) refers to hc_sr04.o(i.HC_SR04_Read) for HC_SR04_Read
    main.o(i.main) refers to inv_mpu.o(i.mpu_dmp_get_data) for mpu_dmp_get_data
    main.o(i.main) refers to stm32f1xx_hal_gpio.o(i.HAL_GPIO_ReadPin) for HAL_GPIO_ReadPin
    main.o(i.main) refers to fflti.o(.text) for __aeabi_i2f
    main.o(i.main) refers to pid.o(i.PID_Realize) for PID_Realize
    main.o(i.main) refers to fadd.o(.text) for __aeabi_fadd
    main.o(i.main) refers to tim.o(.bss) for htim1
[...]
    i.dmp_read_fifo                          0x08005378   Section        0  inv_mpu_dmp_motion_driver.o(i.dmp_read_fifo)
    i.dmp_set_accel_bias                     0x080054bc   Section        0  inv_mpu_dmp_motion_driver.o(i.dmp_set_accel_bias)
    i.dmp_set_fifo_rate                      0x08005594   Section        0  inv_mpu_dmp_motion_driver.o(i.dmp_set_fifo_rate)
    i.dmp_set_gyro_bias                      0x080055f8   Section        0  inv_mpu_dmp_motion_driver.o(i.dmp_set_gyro_bias)
    i.dmp_set_orientation                    0x080056c4   Section        0  inv_mpu_dmp_motion_driver.o(i.dmp_set_orientation)
    i.dmp_set_shake_reject_thresh            0x080057d0   Section        0  inv_mpu_dmp_motion_driver.o(i.dmp_set_shake_reject_thresh)
    i.dmp_set_shake_reject_time              0x08005800   Section        0  inv_mpu_dmp_motion_driver.o(i.dmp_set_shake_reject_time)
    i.dmp_set_shake_reject_timeout           0x08005820   Section        0  inv_mpu_dmp_motion_driver.o(i.dmp_set_shake_reject_timeout)
    i.dmp_set_tap_axes                       0x08005840   Section        0  inv_mpu_dmp_motion_driver.o(i.dmp_set_tap_axes)
    i.dmp_set_tap_count                      0x08005880   Section        0  inv_mpu_dmp_motion_driver.o(i.dmp_set_tap_count)
    i.dmp_set_tap_thresh                     0x080058a4   Section        0  inv_mpu_dmp_motion_driver.o(i.dmp_set_tap_thresh)
    i.dmp_set_tap_time                       0x080059cc   Section        0  inv_mpu_dmp_motion_driver.o(i.dmp_set_tap_time)
    i.dmp_set_tap_time_multi                 0x080059ec   Section        0  inv_mpu_dmp_motion_driver.o(i.dmp_set_tap_time_multi)
    i.fputc                                  0x08005a0c   Section        0  usart.o(i.fputc)
    i.get_accel_prod_shift                   0x08005a24   Section        0  inv_mpu.o(i.get_accel_prod_shift)
    get_accel_prod_shift                     0x08005a25   Thumb Code   158  inv_mpu.o(i.get_accel_prod_shift)
    i.get_st_biases                          0x08005ad0   Section        0  inv_mpu.o(i.get_st_biases)
    get_st_biases                            0x08005ad1   Thumb Code   784  inv_mpu.o(i.get_st_biases)
    i.gyro_self_test                         0x08005de4   Section        0  inv_mpu.o(i.gyro_self_test)
    gyro_self_test                           0x08005de5   Thumb Code   190  inv_mpu.o(i.gyro_self_test)
    i.inv_orientation_matrix_to_scalar       0x08005eb8   Section        0  inv_mpu.o(i.inv_orientation_matrix_to_scalar)
    i.inv_row_2_scale                        0x08005eda   Section        0  inv_mpu.o(i.inv_row_2_scale)
    i.main                                   0x08005f24   Section        0  main.o(i.main)
    i.mget_ms                                0x08006578   Section        0  inv_mpu.o(i.mget_ms)
    i.mpu_configure_fifo                     0x0800657c   Section        0  inv_mpu.o(i.mpu_configure_fifo)
    i.mpu_dmp_get_data                       0x080065d0   Section        0  inv_mpu.o(i.mpu_dmp_get_data)
    i.mpu_dmp_init                           0x0800676c   Section        0  inv_mpu.o(i.mpu_dmp_init)
    i.mpu_get_accel_fsr                      0x08006810   Section        0  inv_mpu.o(i.mpu_get_accel_fsr)
    i.mpu_get_accel_sens                     0x0800684c   Section        0  inv_mpu.o(i.mpu_get_accel_sens)
    i.mpu_get_gyro_fsr                       0x08006890   Section        0  inv_mpu.o(i.mpu_get_gyro_fsr)
    i.mpu_get_gyro_sens                      0x080068c4   Section        0  inv_mpu.o(i.mpu_get_gyro_sens)
    i.mpu_get_lpf                            0x08006904   Section        0  inv_mpu.o(i.mpu_get_lpf)
    i.mpu_get_sample_rate                    0x0800693c   Section        0  inv_mpu.o(i.mpu_get_sample_rate)
    i.mpu_init                               0x08006958   Section        0  inv_mpu.o(i.mpu_init)
    i.mpu_load_firmware                      0x08006ae0   Section        0  inv_mpu.o(i.mpu_load_firmware)
    i.mpu_lp_accel_mode                      0x08006b80   Section        0  inv_mpu.o(i.mpu_lp_accel_mode)
    i.mpu_read_fifo_stream                   0x08006c38   Section        0  inv_mpu.o(i.mpu_read_fifo_stream)
    i.mpu_read_mem                           0x08006cc8   Section        0  inv_mpu.o(i.mpu_read_mem)
    i.mpu_reset_fifo                         0x08006d1c   Section        0  inv_mpu.o(i.mpu_reset_fifo)
    i.mpu_run_self_test                      0x08006e7c   Section        0  inv_mpu.o(i.mpu_run_self_test)
    i.mpu_set_accel_fsr                      0x08006f6c   Section        0  inv_mpu.o(i.mpu_set_accel_fsr)
    i.mpu_set_bypass                         0x08006fd4   Section        0  inv_mpu.o(i.mpu_set_bypass)
    i.mpu_set_dmp_state                      0x080070b0   Section        0  inv_mpu.o(i.mpu_set_dmp_state)
    i.mpu_set_gyro_fsr                       0x08007128   Section        0  inv_mpu.o(i.mpu_set_gyro_fsr)
    i.mpu_set_int_latched                    0x08007194   Section        0  inv_mpu.o(i.mpu_set_int_latched)
    i.mpu_set_lpf                            0x080071f8   Section        0  inv_mpu.o(i.mpu_set_lpf)
    i.mpu_set_sample_rate                    0x08007264   Section        0  inv_mpu.o(i.mpu_set_sample_rate)
    i.mpu_set_sensors                        0x080072e4   Section        0  inv_mpu.o(i.mpu_set_sensors)
    i.mpu_write_mem                          0x0800739c   Section        0  inv_mpu.o(i.mpu_write_mem)
    i.mpuiic_Delayus                         0x080073f0   Section        0  mpuiic.o(i.mpuiic_Delayus)
    i.run_self_test                          0x08007414   Section        0  inv_mpu.o(i.run_self_test)
    i.set_int_enable                         0x08007494   Section        0  inv_mpu.o(i.set_int_enable)
    set_int_enable                           0x08007495   Thumb Code    84  inv_mpu.o(i.set_int_enable)
    i.sqrt                                   0x080074ec   Section        0  sqrt.o(i.sqrt)
    .constdata                               0x08007538   Section       18  stm32f1xx_hal_rcc.o(.constdata)
    aPredivFactorTable                       0x08007538   Data           2  stm32f1xx_hal_rcc.o(.constdata)
    aPLLMULFactorTable                       0x0800753a   Data          16  stm32f1xx_hal_rcc.o(.constdata)
    .constdata                               0x0800754a   Section       18  stm32f1xx_hal_rcc_ex.o(.constdata)
    aPredivFactorTable                       0x0800754a   Data           2  stm32f1xx_hal_rcc_ex.o(.constdata)
    aPLLMULFactorTable                       0x0800754c   Data          16  stm32f1xx_hal_rcc_ex.o(.constdata)
    .constdata                               0x0800755c   Section       16  system_stm32f1xx.o(.constdata)
    .constdata                               0x0800756c   Section        8  system_stm32f1xx.o(.constdata)
    .constdata                               0x08007574   Section     2072  oled.o(.constdata)
    .constdata                               0x08007d8c   Section       27  inv_mpu.o(.constdata)
    .constdata                               0x08007da8   Section       12  inv_mpu.o(.constdata)
    .constdata                               0x08007db4   Section       40  inv_mpu.o(.constdata)
    .constdata                               0x08007ddc   Section     3062  inv_mpu_dmp_motion_driver.o(.constdata)
    dmp_memory                               0x08007ddc   Data        3062  inv_mpu_dmp_motion_driver.o(.constdata)
    .constdata                               0x080089d8   Section       80  asin.o(.constdata)
    pS                                       0x080089d8   Data          48  asin.o(.constdata)
    qS                                       0x08008a08   Data          32  asin.o(.constdata)
    .constdata                               0x08008a28   Section      152  atan.o(.constdata)
    atanhi                                   0x08008a28   Data          32  atan.o(.constdata)
    atanlo                                   0x08008a48   Data          32  atan.o(.constdata)
    aTodd                                    0x08008a68   Data          40  atan.o(.constdata)
    aTeven                                   0x08008a90   Data          48  atan.o(.constdata)
    .constdata                               0x08008ac0   Section        8  qnan.o(.constdata)
    .conststring                             0x08008ac8   Section       77  inv_mpu.o(.conststring)
    .data                                    0x20000000   Section       52  main.o(.data)
    .data                                    0x20000034   Section       20  stm32f1xx_it.o(.data)
    .data                                    0x20000048   Section       12  stm32f1xx_hal.o(.data)
    .data                                    0x20000054   Section        4  system_stm32f1xx.o(.data)
    .data                                    0x20000058   Section        8  motor.o(.data)
    .data                                    0x20000060   Section       53  inv_mpu.o(.data)
    st                                       0x20000060   Data          44  inv_mpu.o(.data)
    gyro_orientation                         0x2000008c   Data           9  inv_mpu.o(.data)
    .data                                    0x20000098   Section        4  stdout.o(.data)
    .data                                    0x2000009c   Section        4  errno.o(.data)
    _errno                                   0x2000009c   Data           4  errno.o(.data)
    .bss                                     0x200000a0   Section      100  main.o(.bss)
    .bss                                     0x20000104   Section       48  adc.o(.bss)
    .bss                                     0x20000134   Section      216  tim.o(.bss)
    .bss                                     0x2000020c   Section      144  usart.o(.bss)
    .bss                                     0x2000029c   Section      256  stm32f1xx_it.o(.bss)
    .bss                                     0x2000039c   Section      160  pid.o(.bss)
    .bss                                     0x2000043c   Section       16  inv_mpu_dmp_motion_driver.o(.bss)
    dmp                                      0x2000043c   Data          16  inv_mpu_dmp_motion_driver.o(.bss)
    STACK                                    0x20000450   Section     2048  startup_stm32f103xb.o(STACK)

    Global Symbols

    Symbol Name                              Value     Ov Type        Size  Object(Section)

    BuildAttributes$$THM_ISAv4$P$D$K$B$S$PE$A:L22UL41UL21$X:L11$S22US41US21$IEEE1$IW$USESV6$~STKCKD$USESV7$~SHL$OTIME$ROPI$IEEEX$EBA8$MICROLIB$REQ8$PRES8$EABIv2 0x00000000   Number         0  anon$$obj.o ABSOLUTE
    __ARM_use_no_argv                        0x00000000   Number         0  main.o ABSOLUTE
    _printf_a                                0x00000000   Number         0  stubs.o ABSOLUTE
    _printf_c                                0x00000000   Number         0  stubs.o ABSOLUTE
    _printf_charcount                        0x00000000   Number         0  stubs.o ABSOLUTE
    _printf_d                                0x00000000   Number         0  stubs.o ABSOLUTE
    _printf_e                                0x00000000   Number         0  stubs.o ABSOLUTE
    _printf_f                                0x00000000   Number         0  stubs.o ABSOLUTE
    _printf_flags                            0x00000000   Number         0  stubs.o ABSOLUTE
    _printf_fp_dec                           0x00000000   Number         0  stubs.o ABSOLUTE
    _printf_fp_hex                           0x00000000   Number         0  stubs.o ABSOLUTE
    _printf_g                                0x00000000   Number         0  stubs.o ABSOLUTE
    _printf_i                                0x00000000   Number         0  stubs.o ABSOLUTE
    _printf_int_dec                          0x00000000   Number         0  stubs.o ABSOLUTE
    _printf_l                                0x00000000   Number         0  stubs.o ABSOLUTE
    _printf_lc                               0x00000000   Number         0  stubs.o ABSOLUTE
    _printf_ll                               0x00000000   Number         0  stubs.o ABSOLUTE
    _printf_lld                              0x00000000   Number         0  stubs.o ABSOLUTE
    _printf_lli                              0x00000000   Number         0  stubs.o ABSOLUTE
    _printf_llo                              0x00000000   Number         0  stubs.o ABSOLUTE
    _printf_llu                              0x00000000   Number         0  stubs.o ABSOLUTE
    _printf_llx                              0x00000000   Number         0  stubs.o ABSOLUTE
    _printf_longlong_dec                     0x00000000   Number         0  stubs.o ABSOLUTE
    _printf_longlong_hex                     0x00000000   Number         0  stubs.o ABSOLUTE
    _printf_longlong_oct                     0x00000000   Number         0  stubs.o ABSOLUTE
    _printf_ls                               0x00000000   Number         0  stubs.o ABSOLUTE
    _printf_mbtowc                           0x00000000   Number         0  stubs.o ABSOLUTE
    _printf_n                                0x00000000   Number         0  stubs.o ABSOLUTE
    _printf_o                                0x00000000   Number         0  stubs.o ABSOLUTE
    _printf_p                                0x00000000   Number         0  stubs.o ABSOLUTE
    _printf_percent                          0x00000000   Number         0  stubs.o ABSOLUTE
    _printf_pre_padding                      0x00000000   Number         0  stubs.o ABSOLUTE
    _printf_return_value                     0x00000000   Number         0  stubs.o ABSOLUTE
    _printf_s                                0x00000000   Number         0  stubs.o ABSOLUTE
    _printf_sizespec                         0x00000000   Number         0  stubs.o ABSOLUTE
    _printf_str                              0x00000000   Number         0  stubs.o ABSOLUTE
    _printf_truncate_signed                  0x00000000   Number         0  stubs.o ABSOLUTE
    _printf_truncate_unsigned                0x00000000   Number         0  stubs.o ABSOLUTE
    _printf_u                                0x00000000   Number         0  stubs.o ABSOLUTE
    _printf_wc                               0x00000000   Number         0  stubs.o ABSOLUTE
    _printf_wctomb                           0x00000000   Number         0  stubs.o ABSOLUTE
    _printf_widthprec                        0x00000000   Number         0  stubs.o ABSOLUTE
    _printf_x                                0x00000000   Number         0  stubs.o ABSOLUTE
    __cpp_initialize__aeabi_                  - Undefined Weak Reference
    __cxa_finalize                            - Undefined Weak Reference
    __decompress                              - Undefined Weak Reference
    _clock_init                               - Undefined Weak Reference
    _microlib_exit                            - Undefined Weak Reference
    _scanf_int                                - Undefined Weak Reference
    _scanf_longlong                           - Undefined Weak Reference
    _scanf_string                             - Undefined Weak Reference
    __Vectors_Size                           0x000000ec   Number         0  startup_stm32f103xb.o ABSOLUTE
    __Vectors                                0x08000000   Data           4  startup_stm32f103xb.o(RESET)
    __Vectors_End                            0x080000ec   Data           0  startup_stm32f103xb.o(RESET)
    __main                                   0x080000ed   Thumb Code     0  entry.o(.ARM.Collect$$$$00000000)
    _main_stk                                0x080000ed   Thumb Code     0  entry2.o(.ARM.Collect$$$$00000001)
    _main_scatterload                        0x080000f1   Thumb Code     0  entry5.o(.ARM.Collect$$$$00000004)
    __main_after_scatterload                 0x080000f5   Thumb Code     0  entry5.o(.ARM.Collect$$$$00000004)
    _main_clock                              0x080000f5   Thumb Code     0  entry7b.o(.ARM.Collect$$$$00000008)
    _main_cpp_init                           0x080000f5   Thumb Code     0  entry8b.o(.ARM.Collect$$$$0000000A)
    _main_init                               0x080000f5   Thumb Code     0  entry9a.o(.ARM.Collect$$$$0000000B)
    __rt_final_cpp                           0x080000fd   Thumb Code     0  entry10a.o(.ARM.Collect$$$$0000000D)
    __rt_final_exit                          0x080000fd   Thumb Code     0  entry11a.o(.ARM.Collect$$$$0000000F)
    Reset_Handler                            0x08000101   Thumb Code     8  startup_stm32f103xb.o(.text)
    ADC1_2_IRQHandler                        0x0800011b   Thumb Code     0  startup_stm32f103xb.o(.text)
    CAN1_RX1_IRQHandler                      0x0800011b   Thumb Code     0  startup_stm32f103xb.o(.text)
    CAN1_SCE_IRQHandler                      0x0800011b   Thumb Code     0  startup_stm32f103xb.o(.text)
    DMA1_Channel1_IRQHandler                 0x0800011b   Thumb Code     0  startup_stm32f103xb.o(.text)
    DMA1_Channel2_IRQHandler                 0x0800011b   Thumb Code     0  startup_stm32f103xb.o(.text)
    DMA1_Channel3_IRQHandler                 0x0800011b   Thumb Code     0  startup_stm32f103xb.o(.text)
    DMA1_Channel4_IRQHandler                 0x0800011b   Thumb Code     0  startup_stm32f103xb.o(.text)
    DMA1_Channel5_IRQHandler                 0x0800011b   Thumb Code     0  startup_stm32f103xb.o(.text)
    DMA1_Channel6_IRQHandler                 0x0800011b   Thumb Code     0  startup_stm32f103xb.o(.text)
    DMA1_Channel7_IRQHandler                 0x0800011b   Thumb Code     0  startup_stm32f103xb.o(.text)
    EXTI0_IRQHandler                         0x0800011b   Thumb Code     0  startup_stm32f103xb.o(.text)
    EXTI1_IRQHandler                         0x0800011b   Thumb Code     0  startup_stm32f103xb.o(.text)
    EXTI2_IRQHandler                         0x0800011b   Thumb Code     0  startup_stm32f103xb.o(.text)
    EXTI3_IRQHandler                         0x0800011b   Thumb Code     0  startup_stm32f103xb.o(.text)
    EXTI9_5_IRQHandler                       0x0800011b   Thumb Code     0  startup_stm32f103xb.o(.text)
    FLASH_IRQHandler                         0x0800011b   Thumb Code     0  startup_stm32f103xb.o(.text)
    I2C1_ER_IRQHandler                       0x0800011b   Thumb Code     0  startup_stm32f103xb.o(.text)
    I2C1_EV_IRQHandler                       0x0800011b   Thumb Code     0  startup_stm32f103xb.o(.text)
    I2C2_ER_IRQHandler                       0x0800011b   Thumb Code     0  startup_stm32f103xb.o(.text)
    I2C2_EV_IRQHandler                       0x0800011b   Thumb Code     0  startup_stm32f103xb.o(.text)
    PVD_IRQHandler                           0x0800011b   Thumb Code     0  startup_stm32f103xb.o(.text)
    RCC_IRQHandler                           0x0800011b   Thumb Code     0  startup_stm32f103xb.o(.text)
    RTC_Alarm_IRQHandler                     0x0800011b   Thumb Code     0  startup_stm32f103xb.o(.text)
    RTC_IRQHandler                           0x0800011b   Thumb Code     0  startup_stm32f103xb.o(.text)
    SPI1_IRQHandler                          0x0800011b   Thumb Code     0  startup_stm32f103xb.o(.text)
    SPI2_IRQHandler                          0x0800011b   Thumb Code     0  startup_stm32f103xb.o(.text)
    TAMPER_IRQHandler                        0x0800011b   Thumb Code     0  startup_stm32f103xb.o(.text)
    TIM1_BRK_IRQHandler                      0x0800011b   Thumb Code     0  startup_stm32f103xb.o(.text)
    TIM1_CC_IRQHandler                       0x0800011b   Thumb Code     0  startup_stm32f103xb.o(.text)
    TIM1_TRG_COM_IRQHandler                  0x0800011b   Thumb Code     0  startup_stm32f103xb.o(.text)
    TIM3_IRQHandler                          0x0800011b   Thumb Code     0  startup_stm32f103xb.o(.text)
    USART2_IRQHandler                        0x0800011b   Thumb Code     0  startup_stm32f103xb.o(.text)
    USBWakeUp_IRQHandler                     0x0800011b   Thumb Code     0  startup_stm32f103xb.o(.text)
    USB_HP_CAN1_TX_IRQHandler                0x0800011b   Thumb Code     0  startup_stm32f103xb.o(.text)
    USB_LP_CAN1_RX0_IRQHandler               0x0800011b   Thumb Code     0  startup_stm32f103xb.o(.text)
    WWDG_IRQHandler                          0x0800011b   Thumb Code     0  startup_stm32f103xb.o(.text)
    __aeabi_ldivmod                          0x08000125   Thumb Code    98  ldiv.o(.text)
    __aeabi_llsr                             0x08000187   Thumb Code    32  llushr.o(.text)
    _ll_ushift_r                             0x08000187   Thumb Code     0  llushr.o(.text)
    __aeabi_memset                           0x080001a7   Thumb Code    14  memseta.o(.text)
    __aeabi_memset4                          0x080001a7   Thumb Code     0  memseta.o(.text)
    __aeabi_memset8                          0x080001a7   Thumb Code     0  memseta.o(.text)
    __aeabi_memclr                           0x080001b5   Thumb Code     4  memseta.o(.text)
    __aeabi_memclr4                          0x080001b5   Thumb Code     0  memseta.o(.text)
    __aeabi_memclr8                          0x080001b5   Thumb Code     0  memseta.o(.text)
    _memset$wrapper                          0x080001b9   Thumb Code    18  memseta.o(.text)
    strlen                                   0x080001cb   Thumb Code    14  strlen.o(.text)
    memcmp                                   0x080001d9   Thumb Code    26  memcmp.o(.text)
    __aeabi_fadd                             0x080001f3   Thumb Code   164  fadd.o(.text)
    __aeabi_fsub                             0x08000297   Thumb Code     6  fadd.o(.text)
    __aeabi_frsub                            0x0800029d   Thumb Code     6  fadd.o(.text)
    __aeabi_fmul                             0x080002a3   Thumb Code   100  fmul.o(.text)
    __aeabi_fdiv                             0x08000307   Thumb Code   124  fdiv.o(.text)
    __ARM_scalbnf                            0x08000383   Thumb Code    24  fscalb.o(.text)
    scalbnf                                  0x08000383   Thumb Code     0  fscalb.o(.text)
    __aeabi_dadd                             0x0800039b   Thumb Code   322  dadd.o(.text)
    __aeabi_dsub                             0x080004dd   Thumb Code     6  dadd.o(.text)
    __aeabi_drsub                            0x080004e3   Thumb Code     6  dadd.o(.text)
    __aeabi_dmul                             0x080004e9   Thumb Code   228  dmul.o(.text)
    __aeabi_ddiv                             0x080005cd   Thumb Code   222  ddiv.o(.text)
    __ARM_scalbn                             0x080006ab   Thumb Code    46  dscalb.o(.text)
    scalbn                                   0x080006ab   Thumb Code     0  dscalb.o(.text)
    __aeabi_i2f                              0x080006d9   Thumb Code    18  fflti.o(.text)
    __aeabi_ui2f                             0x080006eb   Thumb Code    10  ffltui.o(.text)
    __aeabi_ui2d                             0x080006f5   Thumb Code    26  dfltui.o(.text)
    __aeabi_f2iz                             0x0800070f   Thumb Code    50  ffixi.o(.text)
    __aeabi_f2uiz                            0x08000741   Thumb Code    40  ffixui.o(.text)
    __aeabi_f2d                              0x08000769   Thumb Code    38  f2d.o(.text)
    __aeabi_cdrcmple                         0x08000791   Thumb Code    48  cdrcmple.o(.text)
    __aeabi_d2f                              0x080007c1   Thumb Code    56  d2f.o(.text)
    __aeabi_uidiv                            0x080007f9   Thumb Code     0  uidiv.o(.text)
    __aeabi_uidivmod                         0x080007f9   Thumb Code    44  uidiv.o(.text)
    __aeabi_uldivmod                         0x08000825   Thumb Code    98  uldiv.o(.text)
    __aeabi_llsl                             0x08000887   Thumb Code    30  llshl.o(.text)
    _ll_shift_l                              0x08000887   Thumb Code     0  llshl.o(.text)
    __aeabi_lasr                             0x080008a5   Thumb Code    36  llsshr.o(.text)
    _ll_sshift_r                             0x080008a5   Thumb Code     0  llsshr.o(.text)
    __I$use$fp                               0x080008c9   Thumb Code     0  iusefp.o(.text)
    _float_round                             0x080008c9   Thumb Code    18  fepilogue.o(.text)
    _float_epilogue                          0x080008db   Thumb Code    92  fepilogue.o(.text)
    _double_round                            0x08000937   Thumb Code    30  depilogue.o(.text)
    _double_epilogue                         0x08000955   Thumb Code   156  depilogue.o(.text)
    __aeabi_d2ulz                            0x080009f1   Thumb Code    48  dfixul.o(.text)
    __scatterload                            0x08000a21   Thumb Code    28  init.o(.text)
    __scatterload_rt2                        0x08000a21   Thumb Code     0  init.o(.text)
    _dsqrt                                   0x08000a45   Thumb Code   162  dsqrt.o(.text)
    ADC_ConversionStop_Disable               0x08000ae9   Thumb Code    86  stm32f1xx_hal_adc.o(i.ADC_ConversionStop_Disable)
    ADC_Enable                               0x08000b41   Thumb Code   114  stm32f1xx_hal_adc.o(i.ADC_Enable)
    BusFault_Handler                         0x08000bbd   Thumb Code     2  stm32f1xx_it.o(i.BusFault_Handler)
    DebugMon_Handler                         0x08000bbf   Thumb Code     2  stm32f1xx_it.o(i.DebugMon_Handler)
    EXTI15_10_IRQHandler                     0x08000bc1   Thumb Code     8  stm32f1xx_it.o(i.EXTI15_10_IRQHandler)
    EXTI4_IRQHandler                         0x08000bc9   Thumb Code     6  stm32f1xx_it.o(i.EXTI4_IRQHandler)
    Error_Handler                            0x08000bcf   Thumb Code     4  main.o(i.Error_Handler)
    HAL_ADC_ConfigChannel                    0x08000bd5   Thumb Code   240  stm32f1xx_hal_adc.o(i.HAL_ADC_ConfigChannel)
    HAL_ADC_GetValue                         0x08000cd1   Thumb Code     6  stm32f1xx_hal_adc.o(i.HAL_ADC_GetValue)
    HAL_ADC_Init                             0x08000cd9   Thumb Code   272  stm32f1xx_hal_adc.o(i.HAL_ADC_Init)
    HAL_ADC_MspInit                          0x08000df5   Thumb Code    76  adc.o(i.HAL_ADC_MspInit)
    HAL_ADC_PollForConversion                0x08000e4d   Thumb Code   304  stm32f1xx_hal_adc.o(i.HAL_ADC_PollForConversion)
    HAL_ADC_Start                            0x08000f89   Thumb Code   184  stm32f1xx_hal_adc.o(i.HAL_ADC_Start)
    HAL_DMA_Abort                            0x08001049   Thumb Code    70  stm32f1xx_hal_dma.o(i.HAL_DMA_Abort)
    HAL_DMA_Abort_IT                         0x08001091   Thumb Code   148  stm32f1xx_hal_dma.o(i.HAL_DMA_Abort_IT)
    HAL_Delay                                0x08001129   Thumb Code    32  stm32f1xx_hal.o(i.HAL_Delay)
    HAL_GPIO_EXTI_Callback                   0x0800114d   Thumb Code    92  gpio.o(i.HAL_GPIO_EXTI_Callback)
    HAL_GPIO_EXTI_IRQHandler                 0x080011b9   Thumb Code    18  stm32f1xx_hal_gpio.o(i.HAL_GPIO_EXTI_IRQHandler)
    HAL_GPIO_Init                            0x080011d1   Thumb Code   446  stm32f1xx_hal_gpio.o(i.HAL_GPIO_Init)
    HAL_GPIO_ReadPin                         0x080013b1   Thumb Code    10  stm32f1xx_hal_gpio.o(i.HAL_GPIO_ReadPin)
    HAL_GPIO_TogglePin                       0x080013bb   Thumb Code    16  stm32f1xx_hal_gpio.o(i.HAL_GPIO_TogglePin)
    HAL_GPIO_WritePin                        0x080013cb   Thumb Code    10  stm32f1xx_hal_gpio.o(i.HAL_GPIO_WritePin)
    HAL_GetTick                              0x080013d5   Thumb Code     6  stm32f1xx_hal.o(i.HAL_GetTick)
    HAL_IncTick                              0x080013e1   Thumb Code    12  stm32f1xx_hal.o(i.HAL_IncTick)
    HAL_Init                                 0x080013f1   Thumb Code    32  stm32f1xx_hal.o(i.HAL_Init)
    HAL_InitTick                             0x08001415   Thumb Code    54  stm32f1xx_hal.o(i.HAL_InitTick)
    HAL_MspInit                              0x08001455   Thumb Code    52  stm32f1xx_hal_msp.o(i.HAL_MspInit)
    HAL_NVIC_EnableIRQ                       0x08001491   Thumb Code    26  stm32f1xx_hal_cortex.o(i.HAL_NVIC_EnableIRQ)
    HAL_NVIC_SetPriority                     0x080014ad   Thumb Code    60  stm32f1xx_hal_cortex.o(i.HAL_NVIC_SetPriority)
    HAL_NVIC_SetPriorityGrouping             0x080014ed   Thumb Code    26  stm32f1xx_hal_cortex.o(i.HAL_NVIC_SetPriorityGrouping)
    HAL_RCCEx_GetPeriphCLKFreq               0x08001511   Thumb Code   148  stm32f1xx_hal_rcc_ex.o(i.HAL_RCCEx_GetPeriphCLKFreq)
    HAL_RCCEx_PeriphCLKConfig                0x080015b5   Thumb Code   224  stm32f1xx_hal_rcc_ex.o(i.HAL_RCCEx_PeriphCLKConfig)
    HAL_RCC_ClockConfig                      0x080016a1   Thumb Code   280  stm32f1xx_hal_rcc.o(i.HAL_RCC_ClockConfig)
    HAL_RCC_GetPCLK1Freq                     0x080017cd   Thumb Code    20  stm32f1xx_hal_rcc.o(i.HAL_RCC_GetPCLK1Freq)
    HAL_RCC_GetPCLK2Freq                     0x080017ed   Thumb Code    20  stm32f1xx_hal_rcc.o(i.HAL_RCC_GetPCLK2Freq)
    HAL_RCC_GetSysClockFreq                  0x0800180d   Thumb Code    58  stm32f1xx_hal_rcc.o(i.HAL_RCC_GetSysClockFreq)
    HAL_RCC_OscConfig                        0x08001859   Thumb Code   778  stm32f1xx_hal_rcc.o(i.HAL_RCC_OscConfig)
    HAL_SYSTICK_Config                       0x08001b79   Thumb Code    40  stm32f1xx_hal_cortex.o(i.HAL_SYSTICK_Config)
    HAL_TIMEx_BreakCallback                  0x08001ba1   Thumb Code     2  stm32f1xx_hal_tim_ex.o(i.HAL_TIMEx_BreakCallback)
    HAL_TIMEx_CommutCallback                 0x08001ba3   Thumb Code     2  stm32f1xx_hal_tim_ex.o(i.HAL_TIMEx_CommutCallback)
    HAL_TIMEx_ConfigBreakDeadTime            0x08001ba5   Thumb Code    84  stm32f1xx_hal_tim_ex.o(i.HAL_TIMEx_ConfigBreakDeadTime)
    HAL_TIMEx_MasterConfigSynchronization    0x08001bf9   Thumb Code    92  stm32f1xx_hal_tim_ex.o(i.HAL_TIMEx_MasterConfigSynchronization)
    HAL_TIM_Base_Init                        0x08001c61   Thumb Code    90  stm32f1xx_hal_tim.o(i.HAL_TIM_Base_Init)
    HAL_TIM_Base_MspInit                     0x08001cbd   Thumb Code    50  tim.o(i.HAL_TIM_Base_MspInit)
    HAL_TIM_Base_Start_IT                    0x08001cf9   Thumb Code    76  stm32f1xx_hal_tim.o(i.HAL_TIM_Base_Start_IT)
    HAL_TIM_ConfigClockSource                0x08001d51   Thumb Code   220  stm32f1xx_hal_tim.o(i.HAL_TIM_ConfigClockSource)
    HAL_TIM_Encoder_Init                     0x08001e2d   Thumb Code   164  stm32f1xx_hal_tim.o(i.HAL_TIM_Encoder_Init)
    HAL_TIM_Encoder_MspInit                  0x08001ed1   Thumb Code   160  tim.o(i.HAL_TIM_Encoder_MspInit)
    HAL_TIM_Encoder_Start                    0x08001f81   Thumb Code   142  stm32f1xx_hal_tim.o(i.HAL_TIM_Encoder_Start)
    HAL_TIM_IC_CaptureCallback               0x0800200f   Thumb Code     2  stm32f1xx_hal_tim.o(i.HAL_TIM_IC_CaptureCallback)
    HAL_TIM_IRQHandler                       0x08002011   Thumb Code   304  stm32f1xx_hal_tim.o(i.HAL_TIM_IRQHandler)
    HAL_TIM_MspPostInit                      0x08002141   Thumb Code    64  tim.o(i.HAL_TIM_MspPostInit)
    HAL_TIM_OC_DelayElapsedCallback          0x0800218d   Thumb Code     2  stm32f1xx_hal_tim.o(i.HAL_TIM_OC_DelayElapsedCallback)
    HAL_TIM_PWM_ConfigChannel                0x0800218f   Thumb Code   204  stm32f1xx_hal_tim.o(i.HAL_TIM_PWM_ConfigChannel)
    HAL_TIM_PWM_Init                         0x0800225b   Thumb Code    90  stm32f1xx_hal_tim.o(i.HAL_TIM_PWM_Init)
    HAL_TIM_PWM_MspInit                      0x080022b5   Thumb Code     2  stm32f1xx_hal_tim.o(i.HAL_TIM_PWM_MspInit)
    HAL_TIM_PWM_PulseFinishedCallback        0x080022b7   Thumb Code     2  stm32f1xx_hal_tim.o(i.HAL_TIM_PWM_PulseFinishedCallback)
    HAL_TIM_PWM_Start                        0x080022b9   Thumb Code   144  stm32f1xx_hal_tim.o(i.HAL_TIM_PWM_Start)
    HAL_TIM_PeriodElapsedCallback            0x08002355   Thumb Code   266  stm32f1xx_it.o(i.HAL_TIM_PeriodElapsedCallback)
    HAL_TIM_TriggerCallback                  0x08002491   Thumb Code     2  stm32f1xx_hal_tim.o(i.HAL_TIM_TriggerCallback)
    HAL_UARTEx_RxEventCallback               0x08002493   Thumb Code     2  stm32f1xx_hal_uart.o(i.HAL_UARTEx_RxEventCallback)
    HAL_UART_ErrorCallback                   0x08002495   Thumb Code     2  stm32f1xx_hal_uart.o(i.HAL_UART_ErrorCallback)
    HAL_UART_IRQHandler                      0x08002499   Thumb Code   616  stm32f1xx_hal_uart.o(i.HAL_UART_IRQHandler)
    HAL_UART_Init                            0x08002705   Thumb Code   100  stm32f1xx_hal_uart.o(i.HAL_UART_Init)
    HAL_UART_MspInit                         0x08002769   Thumb Code   198  usart.o(i.HAL_UART_MspInit)
    HAL_UART_Receive                         0x08002845   Thumb Code   176  stm32f1xx_hal_uart.o(i.HAL_UART_Receive)
    HAL_UART_Receive_IT                      0x080028f5   Thumb Code    28  stm32f1xx_hal_uart.o(i.HAL_UART_Receive_IT)
    HAL_UART_RxCpltCallback                  0x08002911   Thumb Code   238  stm32f1xx_it.o(i.HAL_UART_RxCpltCallback)
    HAL_UART_Transmit                        0x08002a29   Thumb Code   160  stm32f1xx_hal_uart.o(i.HAL_UART_Transmit)
    HAL_UART_TxCpltCallback                  0x08002ac9   Thumb Code     2  stm32f1xx_hal_uart.o(i.HAL_UART_TxCpltCallback)
    HC_SR04_Delayus                          0x08002acd   Thumb Code    28  hc_sr04.o(i.HC_SR04_Delayus)
    HC_SR04_Read                             0x08002af1   Thumb Code   130  hc_sr04.o(i.HC_SR04_Read)
    HardFault_Handler                        0x08002b8d   Thumb Code     2  stm32f1xx_it.o(i.HardFault_Handler)
    IIC_Start                                0x08002b91   Thumb Code    56  oled.o(i.IIC_Start)
    IIC_Stop                                 0x08002bd1   Thumb Code    42  oled.o(i.IIC_Stop)
    IIC_Wait_Ack                             0x08002c05   Thumb Code    30  oled.o(i.IIC_Wait_Ack)
    MPU_IIC_Ack                              0x08002c29   Thumb Code    82  mpuiic.o(i.MPU_IIC_Ack)
    MPU_IIC_Init                             0x08002c81   Thumb Code     2  mpuiic.o(i.MPU_IIC_Init)
    MPU_IIC_NAck                             0x08002c85   Thumb Code    82  mpuiic.o(i.MPU_IIC_NAck)
    MPU_IIC_Read_Byte                        0x08002cdd   Thumb Code   116  mpuiic.o(i.MPU_IIC_Read_Byte)
    MPU_IIC_Send_Byte                        0x08002d55   Thumb Code   110  mpuiic.o(i.MPU_IIC_Send_Byte)
    MPU_IIC_Start                            0x08002dc9   Thumb Code    82  mpuiic.o(i.MPU_IIC_Start)
    MPU_IIC_Stop                             0x08002e21   Thumb Code    82  mpuiic.o(i.MPU_IIC_Stop)
    MPU_IIC_Wait_Ack                         0x08002e79   Thumb Code   108  mpuiic.o(i.MPU_IIC_Wait_Ack)
    MPU_Init                                 0x08002ee9   Thumb Code   118  mpu6050.o(i.MPU_Init)
    MPU_Read_Byte                            0x08002f5f   Thumb Code    58  mpu6050.o(i.MPU_Read_Byte)
    MPU_Read_Len                             0x08002f99   Thumb Code   108  mpu6050.o(i.MPU_Read_Len)
    MPU_Set_Accel_Fsr                        0x08003005   Thumb Code    10  mpu6050.o(i.MPU_Set_Accel_Fsr)
    MPU_Set_Gyro_Fsr                         0x0800300f   Thumb Code    10  mpu6050.o(i.MPU_Set_Gyro_Fsr)
    MPU_Set_LPF                              0x08003019   Thumb Code    48  mpu6050.o(i.MPU_Set_LPF)
    MPU_Set_Rate                             0x08003049   Thumb Code    46  mpu6050.o(i.MPU_Set_Rate)
    MPU_Write_Byte                           0x08003077   Thumb Code    60  mpu6050.o(i.MPU_Write_Byte)
    MPU_Write_Len                            0x080030b3   Thumb Code    82  mpu6050.o(i.MPU_Write_Len)
    MX_ADC2_Init                             0x08003105   Thumb Code    72  adc.o(i.MX_ADC2_Init)
    MX_GPIO_Init                             0x08003155   Thumb Code   322  gpio.o(i.MX_GPIO_Init)
    MX_TIM1_Init                             0x080032b1   Thumb Code   212  tim.o(i.MX_TIM1_Init)
    MX_TIM2_Init                             0x0800338d   Thumb Code   102  tim.o(i.MX_TIM2_Init)
    MX_TIM4_Init                             0x080033f9   Thumb Code   100  tim.o(i.MX_TIM4_Init)
    MX_USART1_UART_Init                      0x08003465   Thumb Code    48  usart.o(i.MX_USART1_UART_Init)
    MX_USART3_UART_Init                      0x0800349d   Thumb Code    48  usart.o(i.MX_USART3_UART_Init)
    MemManage_Handler                        0x080034d5   Thumb Code     2  stm32f1xx_it.o(i.MemManage_Handler)
    Motor_AddSpeed                           0x080034d9   Thumb Code    56  motor.o(i.Motor_AddSpeed)
    Motor_MinusSpeed                         0x08003521   Thumb Code    56  motor.o(i.Motor_MinusSpeed)
    Motor_Set                                0x08003569   Thumb Code   108  motor.o(i.Motor_Set)
    Motor_SetSpeed                           0x080035dd   Thumb Code    50  motor.o(i.Motor_SetSpeed)
    NMI_Handler                              0x08003621   Thumb Code     2  stm32f1xx_it.o(i.NMI_Handler)
    OLED_Clear                               0x08003623   Thumb Code    58  oled.o(i.OLED_Clear)
    OLED_Init                                0x0800365d   Thumb Code   230  oled.o(i.OLED_Init)
    OLED_Set_Pos                             0x08003743   Thumb Code    42  oled.o(i.OLED_Set_Pos)
    OLED_ShowChar                            0x0800376d   Thumb Code   128  oled.o(i.OLED_ShowChar)
    OLED_ShowString                          0x080037f5   Thumb Code    54  oled.o(i.OLED_ShowString)
    OLED_WR_Byte                             0x0800382b   Thumb Code    12  oled.o(i.OLED_WR_Byte)
    PID_Init                                 0x08003839   Thumb Code   118  pid.o(i.PID_Init)
    PID_Realize                              0x080038d9   Thumb Code    82  pid.o(i.PID_Realize)
    PendSV_Handler                           0x0800392b   Thumb Code     2  stm32f1xx_it.o(i.PendSV_Handler)
    SVC_Handler                              0x0800392d   Thumb Code     2  stm32f1xx_it.o(i.SVC_Handler)
    SysTick_Handler                          0x0800392f   Thumb Code     4  stm32f1xx_it.o(i.SysTick_Handler)
    SystemClock_Config                       0x08003933   Thumb Code   120  main.o(i.SystemClock_Config)
    SystemInit                               0x080039ab   Thumb Code     2  system_stm32f1xx.o(i.SystemInit)
    TIM1_UP_IRQHandler                       0x080039ad   Thumb Code     6  stm32f1xx_it.o(i.TIM1_UP_IRQHandler)
    TIM2_IRQHandler                          0x080039b9   Thumb Code     6  stm32f1xx_it.o(i.TIM2_IRQHandler)
    TIM4_IRQHandler                          0x080039c5   Thumb Code     6  stm32f1xx_it.o(i.TIM4_IRQHandler)
    TIM_Base_SetConfig                       0x080039d1   Thumb Code   108  stm32f1xx_hal_tim.o(i.TIM_Base_SetConfig)
    TIM_CCxChannelCmd                        0x08003a49   Thumb Code    26  stm32f1xx_hal_tim.o(i.TIM_CCxChannelCmd)
    TIM_ETR_SetConfig                        0x08003a63   Thumb Code    20  stm32f1xx_hal_tim.o(i.TIM_ETR_SetConfig)
    TIM_OC2_SetConfig                        0x08003ad9   Thumb Code    84  stm32f1xx_hal_tim.o(i.TIM_OC2_SetConfig)
    UART_Start_Receive_IT                    0x08003ded   Thumb Code    54  stm32f1xx_hal_uart.o(i.UART_Start_Receive_IT)
    USART1_IRQHandler                        0x08003e95   Thumb Code    56  stm32f1xx_it.o(i.USART1_IRQHandler)
    USART3_IRQHandler                        0x08003ed9   Thumb Code     6  stm32f1xx_it.o(i.USART3_IRQHandler)
    UsageFault_Handler                       0x08003ee5   Thumb Code     2  stm32f1xx_it.o(i.UsageFault_Handler)
    Write_IIC_Byte                           0x08003ee9   Thumb Code    90  oled.o(i.Write_IIC_Byte)
    Write_IIC_Command                        0x08003f4d   Thumb Code    46  oled.o(i.Write_IIC_Command)
    Write_IIC_Data                           0x08003f7b   Thumb Code    46  oled.o(i.Write_IIC_Data)
    __0printf                                0x08003fa9   Thumb Code    22  printfa.o(i.__0printf)
    __1printf                                0x08003fa9   Thumb Code     0  printfa.o(i.__0printf)
    __2printf                                0x08003fa9   Thumb Code     0  printfa.o(i.__0printf)
    __c89printf                              0x08003fa9   Thumb Code     0  printfa.o(i.__0printf)
    printf                                   0x08003fa9   Thumb Code     0  printfa.o(i.__0printf)
    __0sprintf                               0x08003fc9   Thumb Code    34  printfa.o(i.__0sprintf)
    __1sprintf                               0x08003fc9   Thumb Code     0  printfa.o(i.__0sprintf)
    __2sprintf                               0x08003fc9   Thumb Code     0  printfa.o(i.__0sprintf)
    __c89sprintf                             0x08003fc9   Thumb Code     0  printfa.o(i.__0sprintf)
    sprintf                                  0x08003fc9   Thumb Code     0  printfa.o(i.__0sprintf)
    __ARM_fpclassify                         0x08003ff1   Thumb Code    40  fpclassify.o(i.__ARM_fpclassify)
    __kernel_poly                            0x08004039   Thumb Code   170  poly.o(i.__kernel_poly)
    __mathlib_dbl_infnan                     0x080040e3   Thumb Code     6  dunder.o(i.__mathlib_dbl_infnan)
    __mathlib_dbl_infnan2                    0x080040e9   Thumb Code     4  dunder.o(i.__mathlib_dbl_infnan2)
    __mathlib_dbl_invalid                    0x080040ed   Thumb Code    12  dunder.o(i.__mathlib_dbl_invalid)
    __mathlib_dbl_underflow                  0x080040f9   Thumb Code    10  dunder.o(i.__mathlib_dbl_underflow)
    __scatterload_copy                       0x08004109   Thumb Code    14  handlers.o(i.__scatterload_copy)
    __scatterload_null                       0x08004117   Thumb Code     2  handlers.o(i.__scatterload_null)
    __scatterload_zeroinit                   0x08004119   Thumb Code    14  handlers.o(i.__scatterload_zeroinit)
    __set_errno                              0x08004129   Thumb Code     6  errno.o(i.__set_errno)
    adcGetBatteryVoltage                     0x08004a71   Thumb Code    70  adc.o(i.adcGetBatteryVoltage)
    asin                                     0x08004ac9   Thumb Code   572  asin.o(i.asin)
    atan                                     0x08004d39   Thumb Code   474  atan.o(i.atan)
    atan2                                    0x08004f59   Thumb Code   346  atan2.o(i.atan2)
    dmp_enable_6x_lp_quat                    0x080050d9   Thumb Code    58  inv_mpu_dmp_motion_driver.o(i.dmp_enable_6x_lp_quat)
    dmp_enable_feature                       0x08005115   Thumb Code   464  inv_mpu_dmp_motion_driver.o(i.dmp_enable_feature)
    dmp_enable_gyro_cal                      0x080052ed   Thumb Code    34  inv_mpu_dmp_motion_driver.o(i.dmp_enable_gyro_cal)
    dmp_enable_lp_quat                       0x08005329   Thumb Code    58  inv_mpu_dmp_motion_driver.o(i.dmp_enable_lp_quat)
    dmp_load_motion_driver_firmware          0x08005365   Thumb Code    16  inv_mpu_dmp_motion_driver.o(i.dmp_load_motion_driver_firmware)
    dmp_read_fifo                            0x08005379   Thumb Code   320  inv_mpu_dmp_motion_driver.o(i.dmp_read_fifo)
    dmp_set_accel_bias                       0x080054bd   Thumb Code   210  inv_mpu_dmp_motion_driver.o(i.dmp_set_accel_bias)
    dmp_set_fifo_rate                        0x08005595   Thumb Code    82  inv_mpu_dmp_motion_driver.o(i.dmp_set_fifo_rate)
    dmp_set_gyro_bias                        0x080055f9   Thumb Code   196  inv_mpu_dmp_motion_driver.o(i.dmp_set_gyro_bias)
    dmp_set_orientation                      0x080056c5   Thumb Code   246  inv_mpu_dmp_motion_driver.o(i.dmp_set_orientation)
    dmp_set_shake_reject_thresh              0x080057d1   Thumb Code    48  inv_mpu_dmp_motion_driver.o(i.dmp_set_shake_reject_thresh)
    dmp_set_shake_reject_time                0x08005801   Thumb Code    32  inv_mpu_dmp_motion_driver.o(i.dmp_set_shake_reject_time)
    dmp_set_shake_reject_timeout             0x08005821   Thumb Code    32  inv_mpu_dmp_motion_driver.o(i.dmp_set_shake_reject_timeout)
    dmp_set_tap_axes                         0x08005841   Thumb Code    64  inv_mpu_dmp_motion_driver.o(i.dmp_set_tap_axes)
    dmp_set_tap_count                        0x08005881   Thumb Code    34  inv_mpu_dmp_motion_driver.o(i.dmp_set_tap_count)
    dmp_set_tap_thresh                       0x080058a5   Thumb Code   274  inv_mpu_dmp_motion_driver.o(i.dmp_set_tap_thresh)
    dmp_set_tap_time                         0x080059cd   Thumb Code    32  inv_mpu_dmp_motion_driver.o(i.dmp_set_tap_time)
    dmp_set_tap_time_multi                   0x080059ed   Thumb Code    32  inv_mpu_dmp_motion_driver.o(i.dmp_set_tap_time_multi)
    fputc                                    0x08005a0d   Thumb Code    20  usart.o(i.fputc)
    inv_orientation_matrix_to_scalar         0x08005eb9   Thumb Code    34  inv_mpu.o(i.inv_orientation_matrix_to_scalar)
    inv_row_2_scale                          0x08005edb   Thumb Code    72  inv_mpu.o(i.inv_row_2_scale)
    main                                     0x08005f25   Thumb Code  1590  main.o(i.main)
    mget_ms                                  0x08006579   Thumb Code     2  inv_mpu.o(i.mget_ms)
    mpu_configure_fifo                       0x0800657d   Thumb Code    78  inv_mpu.o(i.mpu_configure_fifo)
    mpu_dmp_get_data                         0x080065d1   Thumb Code   408  inv_mpu.o(i.mpu_dmp_get_data)
    mpu_dmp_init                             0x0800676d   Thumb Code   158  inv_mpu.o(i.mpu_dmp_init)
    mpu_get_accel_fsr                        0x08006811   Thumb Code    54  inv_mpu.o(i.mpu_get_accel_fsr)
    mpu_get_accel_sens                       0x0800684d   Thumb Code    62  inv_mpu.o(i.mpu_get_accel_sens)
    mpu_get_gyro_fsr                         0x08006891   Thumb Code    48  inv_mpu.o(i.mpu_get_gyro_fsr)
    mpu_get_gyro_sens                        0x080068c5   Thumb Code    44  inv_mpu.o(i.mpu_get_gyro_sens)
    mpu_get_lpf                              0x08006905   Thumb Code    52  inv_mpu.o(i.mpu_get_lpf)
    mpu_get_sample_rate                      0x0800693d   Thumb Code    22  inv_mpu.o(i.mpu_get_sample_rate)
    mpu_init                                 0x08006959   Thumb Code   310  inv_mpu.o(i.mpu_init)
    mpu_load_firmware                        0x08006ae1   Thumb Code   154  inv_mpu.o(i.mpu_load_firmware)
    mpu_lp_accel_mode                        0x08006b81   Thumb Code   178  inv_mpu.o(i.mpu_lp_accel_mode)
    mpu_read_fifo_stream                     0x08006c39   Thumb Code   140  inv_mpu.o(i.mpu_read_fifo_stream)
    mpu_read_mem                             0x08006cc9   Thumb Code    80  inv_mpu.o(i.mpu_read_mem)
    mpu_reset_fifo                           0x08006d1d   Thumb Code   346  inv_mpu.o(i.mpu_reset_fifo)
    mpu_run_self_test                        0x08006e7d   Thumb Code   234  inv_mpu.o(i.mpu_run_self_test)
    mpu_set_accel_fsr                        0x08006f6d   Thumb Code    98  inv_mpu.o(i.mpu_set_accel_fsr)
    mpu_set_bypass                           0x08006fd5   Thumb Code   214  inv_mpu.o(i.mpu_set_bypass)
    mpu_set_dmp_state                        0x080070b1   Thumb Code   114  inv_mpu.o(i.mpu_set_dmp_state)
    mpu_set_gyro_fsr                         0x08007129   Thumb Code   104  inv_mpu.o(i.mpu_set_gyro_fsr)
    mpu_set_int_latched                      0x08007195   Thumb Code    94  inv_mpu.o(i.mpu_set_int_latched)
    mpu_set_lpf                              0x080071f9   Thumb Code   102  inv_mpu.o(i.mpu_set_lpf)
    mpu_set_sample_rate                      0x08007265   Thumb Code   124  inv_mpu.o(i.mpu_set_sample_rate)
    mpu_set_sensors                          0x080072e5   Thumb Code   178  inv_mpu.o(i.mpu_set_sensors)
    mpu_write_mem                            0x0800739d   Thumb Code    80  inv_mpu.o(i.mpu_write_mem)
    mpuiic_Delayus                           0x080073f1   Thumb Code    28  mpuiic.o(i.mpuiic_Delayus)
    run_self_test                            0x08007415   Thumb Code   128  inv_mpu.o(i.run_self_test)
    sqrt                                     0x080074ed   Thumb Code    76  sqrt.o(i.sqrt)
    AHBPrescTable                            0x0800755c   Data          16  system_stm32f1xx.o(.constdata)
    APBPrescTable                            0x0800756c   Data           8  system_stm32f1xx.o(.constdata)
    F6x8                                     0x08007574   Data         552  oled.o(.constdata)
    F8X16                                    0x0800779c   Data        1520  oled.o(.constdata)
    reg                                      0x08007d8c   Data          27  inv_mpu.o(.constdata)
    hw                                       0x08007da8   Data          12  inv_mpu.o(.constdata)
    test                                     0x08007db4   Data          40  inv_mpu.o(.constdata)
    __mathlib_zero                           0x08008ac0   Data           8  qnan.o(.constdata)
    Region$$Table$$Base                      0x08008b18   Number         0  anon$$obj.o(Region$$Table)
    Region$$Table$$Limit                     0x08008b38   Number         0  anon$$obj.o(Region$$Table)
    g_cThisState                             0x20000000   Data           1  main.o(.data)
    g_cLastState                             0x20000001   Data           1  main.o(.data)
    Car_Mode                                 0x20000002   Data           1  main.o(.data)
    g_ucUsart3ReceiveData                    0x20000003   Data           1  main.o(.data)
    g_ucaHW_Read                             0x20000004   Data           4  main.o(.data)
    g_fMPU6050YawMovePidOut                  0x20000008   Data           4  main.o(.data)
    g_fMPU6050YawMovePidOut1                 0x2000000c   Data           4  main.o(.data)
    g_fMPU6050YawMovePidOut2                 0x20000010   Data           4  main.o(.data)
    g_fHW_PID_Out                            0x20000014   Data           4  main.o(.data)
    g_fHW_PID_Out1                           0x20000018   Data           4  main.o(.data)
    g_fHW_PID_Out2                           0x2000001c   Data           4  main.o(.data)
    g_fHC_SR04_Read                          0x20000020   Data           4  main.o(.data)
    g_fFollow_PID_Out                        0x20000024   Data           4  main.o(.data)
    pitch                                    0x20000028   Data           4  main.o(.data)
    roll                                     0x2000002c   Data           4  main.o(.data)
    yaw                                      0x20000030   Data           4  main.o(.data)
    Timer_Count                              0x20000034   Data           1  stm32f1xx_it.o(.data)
    Usart1_ReadCount                         0x20000035   Data           1  stm32f1xx_it.o(.data)
    Encoder1_Count                           0x20000036   Data           2  stm32f1xx_it.o(.data)
    Encoder2_Count                           0x20000038   Data           2  stm32f1xx_it.o(.data)
    Motor1_Speed                             0x2000003c   Data           4  stm32f1xx_it.o(.data)
    Motor2_Speed                             0x20000040   Data           4  stm32f1xx_it.o(.data)
    Mileage                                  0x20000044   Data           4  stm32f1xx_it.o(.data)
    uwTickFreq                               0x20000048   Data           1  stm32f1xx_hal.o(.data)
    uwTickPrio                               0x2000004c   Data           4  stm32f1xx_hal.o(.data)
    uwTick                                   0x20000050   Data           4  stm32f1xx_hal.o(.data)
    SystemCoreClock                          0x20000054   Data           4  system_stm32f1xx.o(.data)
    flag                                     0x20000058   Data           1  motor.o(.data)
    speed                                    0x2000005c   Data           4  motor.o(.data)
    __stdout                                 0x20000098   Data           4  stdout.o(.data)
    OLEDString                               0x200000a0   Data          50  main.o(.bss)
    Usart3String                             0x200000d2   Data          50  main.o(.bss)
    hadc2                                    0x20000104   Data          48  adc.o(.bss)
    htim1                                    0x20000134   Data          72  tim.o(.bss)
    htim2                                    0x2000017c   Data          72  tim.o(.bss)
    htim4                                    0x200001c4   Data          72  tim.o(.bss)
    huart1                                   0x2000020c   Data          72  usart.o(.bss)
    huart3                                   0x20000254   Data          72  usart.o(.bss)
    Usart1_ReadBuf                           0x2000029c   Data         256  stm32f1xx_it.o(.bss)
    pidMotor1Speed                           0x2000039c   Data          32  pid.o(.bss)
    pidMotor2Speed                           0x200003bc   Data          32  pid.o(.bss)
    pidHW_Tracking                           0x200003dc   Data          32  pid.o(.bss)
    pidFollow                                0x200003fc   Data          32  pid.o(.bss)
    pidMPU6050YawMovement                    0x2000041c   Data          32  pid.o(.bss)
    __initial_sp                             0x20000c50   Data           0  startup_stm32f103xb.o(STACK)



==============================================================================

Memory Map of the image

  Image Entry point : 0x080000ed

  Load Region LR_IROM1 (Base: 0x08000000, Size: 0x00008bd8, Max: 0x00010000, ABSOLUTE)

    Execution Region ER_IROM1 (Exec base: 0x08000000, Load base: 0x08000000, Size: 0x00008b38, Max: 0x00010000, ABSOLUTE)

    Exec Addr    Load Addr    Size         Type   Attr      Idx    E Section Name        Object

    0x08000000   0x08000000   0x000000ec   Data   RO            3    RESET               startup_stm32f103xb.o
    0x080000ec   0x080000ec   0x00000000   Code   RO         4927  * .ARM.Collect$$$$00000000  mc_w.l(entry.o)
    0x080000ec   0x080000ec   0x00000004   Code   RO         5322    .ARM.Collect$$$$00000001  mc_w.l(entry2.o)
    0x080000f0   0x080000f0   0x00000004   Code   RO         5325    .ARM.Collect$$$$00000004  mc_w.l(entry5.o)
    0x080000f4   0x080000f4   0x00000000   Code   RO         5327    .ARM.Collect$$$$00000008  mc_w.l(entry7b.o)
    0x080000f4   0x080000f4   0x00000000   Code   RO         5329    .ARM.Collect$$$$0000000A  mc_w.l(entry8b.o)
    0x080000f4   0x080000f4   0x00000008   Code   RO         5330    .ARM.Collect$$$$0000000B  mc_w.l(entry9a.o)
    0x080000fc   0x080000fc   0x00000000   Code   RO         5332    .ARM.Collect$$$$0000000D  mc_w.l(entry10a.o)
    0x080000fc   0x080000fc   0x00000000   Code   RO         5334    .ARM.Collect$$$$0000000F  mc_w.l(entry11a.o)
    0x080000fc   0x080000fc   0x00000004   Code   RO         5323    .ARM.Collect$$$$00002712  mc_w.l(entry2.o)
    0x08000100   0x08000100   0x00000024   Code   RO            4    .text               startup_stm32f103xb.o
    0x08000124   0x08000124   0x00000062   Code   RO         4930    .text               mc_w.l(ldiv.o)
    0x08000186   0x08000186   0x00000020   Code   RO         4932    .text               mc_w.l(llushr.o)
    0x080001a6   0x080001a6   0x00000024   Code   RO         4938    .text               mc_w.l(memseta.o)
    0x080001ca   0x080001ca   0x0000000e   Code   RO         4940    .text               mc_w.l(strlen.o)
    0x080001d8   0x080001d8   0x0000001a   Code   RO         4944    .text               mc_w.l(memcmp.o)
    0x080001f2   0x080001f2   0x000000b0   Code   RO         5247    .text               mf_w.l(fadd.o)
    0x080002a2   0x080002a2   0x00000064   Code   RO         5249    .text               mf_w.l(fmul.o)
    0x08000306   0x08000306   0x0000007c   Code   RO         5251    .text               mf_w.l(fdiv.o)
    0x08000382   0x08000382   0x00000018   Code   RO         5253    .text               mf_w.l(fscalb.o)
    0x0800039a   0x0800039a   0x0000014e   Code   RO         5255    .text               mf_w.l(dadd.o)
    0x080004e8   0x080004e8   0x000000e4   Code   RO         5257    .text               mf_w.l(dmul.o)
    0x080005cc   0x080005cc   0x000000de   Code   RO         5259    .text               mf_w.l(ddiv.o)
    0x080006aa   0x080006aa   0x0000002e   Code   RO         5261    .text               mf_w.l(dscalb.o)
    0x080006d8   0x080006d8   0x00000012   Code   RO         5263    .text               mf_w.l(fflti.o)
    0x080006ea   0x080006ea   0x0000000a   Code   RO         5265    .text               mf_w.l(ffltui.o)
    0x080006f4   0x080006f4   0x0000001a   Code   RO         5269    .text               mf_w.l(dfltui.o)
    0x0800070e   0x0800070e   0x00000032   Code   RO         5271    .text               mf_w.l(ffixi.o)
    0x08000740   0x08000740   0x00000028   Code   RO         5273    .text               mf_w.l(ffixui.o)
    0x08000768   0x08000768   0x00000026   Code   RO         5277    .text               mf_w.l(f2d.o)
    0x0800078e   0x0800078e   0x00000002   PAD
    0x08000790   0x08000790   0x00000030   Code   RO         5281    .text               mf_w.l(cdrcmple.o)
    0x080007c0   0x080007c0   0x00000038   Code   RO         5283    .text               mf_w.l(d2f.o)
    0x080007f8   0x080007f8   0x0000002c   Code   RO         5337    .text               mc_w.l(uidiv.o)
    0x08000824   0x08000824   0x00000062   Code   RO         5339    .text               mc_w.l(uldiv.o)
    0x08000886   0x08000886   0x0000001e   Code   RO         5341    .text               mc_w.l(llshl.o)
    0x080008a4   0x080008a4   0x00000024   Code   RO         5343    .text               mc_w.l(llsshr.o)
    0x080008c8   0x080008c8   0x00000000   Code   RO         5360    .text               mc_w.l(iusefp.o)
    0x080008c8   0x080008c8   0x0000006e   Code   RO         5361    .text               mf_w.l(fepilogue.o)
    0x08000936   0x08000936   0x000000ba   Code   RO         5363    .text               mf_w.l(depilogue.o)
    0x080009f0   0x080009f0   0x00000030   Code   RO         5367    .text               mf_w.l(dfixul.o)
    0x08000a20   0x08000a20   0x00000024   Code   RO         5369    .text               mc_w.l(init.o)
    0x08000a44   0x08000a44   0x000000a2   Code   RO         5375    .text               mf_w.l(dsqrt.o)
    0x08000ae6   0x08000ae6   0x00000002   PAD
    0x08000ae8   0x08000ae8   0x00000056   Code   RO          623    i.ADC_ConversionStop_Disable  stm32f1xx_hal_adc.o
    0x08000b3e   0x08000b3e   0x00000002   PAD
    0x08000b40   0x08000b40   0x0000007c   Code   RO          627    i.ADC_Enable        stm32f1xx_hal_adc.o
    0x08000bbc   0x08000bbc   0x00000002   Code   RO          428    i.BusFault_Handler  stm32f1xx_it.o
    0x08000bbe   0x08000bbe   0x00000002   Code   RO          429    i.DebugMon_Handler  stm32f1xx_it.o
    0x08000bc0   0x08000bc0   0x00000008   Code   RO          430    i.EXTI15_10_IRQHandler  stm32f1xx_it.o
    0x08000bc8   0x08000bc8   0x00000006   Code   RO          431    i.EXTI4_IRQHandler  stm32f1xx_it.o
    0x08000bce   0x08000bce   0x00000004   Code   RO           13    i.Error_Handler     main.o
    0x08000bd2   0x08000bd2   0x00000002   PAD
    0x08000bd4   0x08000bd4   0x000000fc   Code   RO          629    i.HAL_ADC_ConfigChannel  stm32f1xx_hal_adc.o
    0x08000cd0   0x08000cd0   0x00000006   Code   RO          636    i.HAL_ADC_GetValue  stm32f1xx_hal_adc.o
    0x08000cd6   0x08000cd6   0x00000002   PAD
    0x08000cd8   0x08000cd8   0x0000011c   Code   RO          638    i.HAL_ADC_Init      stm32f1xx_hal_adc.o
    0x08000df4   0x08000df4   0x00000058   Code   RO          246    i.HAL_ADC_MspInit   adc.o
    0x08000e4c   0x08000e4c   0x0000013c   Code   RO          642    i.HAL_ADC_PollForConversion  stm32f1xx_hal_adc.o
    0x08000f88   0x08000f88   0x000000c0   Code   RO          644    i.HAL_ADC_Start     stm32f1xx_hal_adc.o
    0x08001048   0x08001048   0x00000046   Code   RO         1280    i.HAL_DMA_Abort     stm32f1xx_hal_dma.o
    0x0800108e   0x0800108e   0x00000002   PAD
    0x08001090   0x08001090   0x00000098   Code   RO         1281    i.HAL_DMA_Abort_IT  stm32f1xx_hal_dma.o
    0x08001128   0x08001128   0x00000024   Code   RO          906    i.HAL_Delay         stm32f1xx_hal.o
    0x0800114c   0x0800114c   0x0000006c   Code   RO          214    i.HAL_GPIO_EXTI_Callback  gpio.o
    0x080011b8   0x080011b8   0x00000018   Code   RO         1215    i.HAL_GPIO_EXTI_IRQHandler  stm32f1xx_hal_gpio.o
    0x080011d0   0x080011d0   0x000001e0   Code   RO         1216    i.HAL_GPIO_Init     stm32f1xx_hal_gpio.o
    0x080013b0   0x080013b0   0x0000000a   Code   RO         1218    i.HAL_GPIO_ReadPin  stm32f1xx_hal_gpio.o
    0x080013ba   0x080013ba   0x00000010   Code   RO         1219    i.HAL_GPIO_TogglePin  stm32f1xx_hal_gpio.o
    0x080013ca   0x080013ca   0x0000000a   Code   RO         1220    i.HAL_GPIO_WritePin  stm32f1xx_hal_gpio.o
    0x080013d4   0x080013d4   0x0000000c   Code   RO          910    i.HAL_GetTick       stm32f1xx_hal.o
    0x080013e0   0x080013e0   0x00000010   Code   RO          916    i.HAL_IncTick       stm32f1xx_hal.o
    0x080013f0   0x080013f0   0x00000024   Code   RO          917    i.HAL_Init          stm32f1xx_hal.o
    0x08001414   0x08001414   0x00000040   Code   RO          918    i.HAL_InitTick      stm32f1xx_hal.o
    0x08001454   0x08001454   0x0000003c   Code   RO          563    i.HAL_MspInit       stm32f1xx_hal_msp.o
    0x08001490   0x08001490   0x0000001a   Code   RO         1376    i.HAL_NVIC_EnableIRQ  stm32f1xx_hal_cortex.o
    0x080014aa   0x080014aa   0x00000002   PAD
    0x080014ac   0x080014ac   0x00000040   Code   RO         1382    i.HAL_NVIC_SetPriority  stm32f1xx_hal_cortex.o
    0x080014ec   0x080014ec   0x00000024   Code   RO         1383    i.HAL_NVIC_SetPriorityGrouping  stm32f1xx_hal_cortex.o
    0x08001510   0x08001510   0x000000a4   Code   RO         1177    i.HAL_RCCEx_GetPeriphCLKFreq  stm32f1xx_hal_rcc_ex.o
    0x080015b4   0x080015b4   0x000000ec   Code   RO         1178    i.HAL_RCCEx_PeriphCLKConfig  stm32f1xx_hal_rcc_ex.o
    0x080016a0   0x080016a0   0x0000012c   Code   RO         1074    i.HAL_RCC_ClockConfig  stm32f1xx_hal_rcc.o
    0x080017cc   0x080017cc   0x00000020   Code   RO         1081    i.HAL_RCC_GetPCLK1Freq  stm32f1xx_hal_rcc.o
    0x080017ec   0x080017ec   0x00000020   Code   RO         1082    i.HAL_RCC_GetPCLK2Freq  stm32f1xx_hal_rcc.o
    0x0800180c   0x0800180c   0x0000004c   Code   RO         1083    i.HAL_RCC_GetSysClockFreq  stm32f1xx_hal_rcc.o
    0x08001858   0x08001858   0x00000320   Code   RO         1086    i.HAL_RCC_OscConfig  stm32f1xx_hal_rcc.o
    0x08001b78   0x08001b78   0x00000028   Code   RO         1387    i.HAL_SYSTICK_Config  stm32f1xx_hal_cortex.o
    0x08001ba0   0x08001ba0   0x00000002   Code   RO         2582    i.HAL_TIMEx_BreakCallback  stm32f1xx_hal_tim_ex.o
    0x08001ba2   0x08001ba2   0x00000002   Code   RO         2583    i.HAL_TIMEx_CommutCallback  stm32f1xx_hal_tim_ex.o
    0x08001ba4   0x08001ba4   0x00000054   Code   RO         2585    i.HAL_TIMEx_ConfigBreakDeadTime  stm32f1xx_hal_tim_ex.o
    0x08001bf8   0x08001bf8   0x00000068   Code   RO         2601    i.HAL_TIMEx_MasterConfigSynchronization  stm32f1xx_hal_tim_ex.o
    0x08001c60   0x08001c60   0x0000005a   Code   RO         1878    i.HAL_TIM_Base_Init  stm32f1xx_hal_tim.o
    0x08001cba   0x08001cba   0x00000002   PAD
    0x08001cbc   0x08001cbc   0x0000003c   Code   RO          294    i.HAL_TIM_Base_MspInit  tim.o
    0x08001cf8   0x08001cf8   0x00000058   Code   RO         1883    i.HAL_TIM_Base_Start_IT  stm32f1xx_hal_tim.o
    0x08001d50   0x08001d50   0x000000dc   Code   RO         1887    i.HAL_TIM_ConfigClockSource  stm32f1xx_hal_tim.o
    0x08001e2c   0x08001e2c   0x000000a4   Code   RO         1899    i.HAL_TIM_Encoder_Init  stm32f1xx_hal_tim.o
    0x08001ed0   0x08001ed0   0x000000b0   Code   RO          296    i.HAL_TIM_Encoder_MspInit  tim.o
    0x08001f80   0x08001f80   0x0000008e   Code   RO         1902    i.HAL_TIM_Encoder_Start  stm32f1xx_hal_tim.o
    0x0800200e   0x0800200e   0x00000002   Code   RO         1912    i.HAL_TIM_IC_CaptureCallback  stm32f1xx_hal_tim.o
    0x08002010   0x08002010   0x00000130   Code   RO         1926    i.HAL_TIM_IRQHandler  stm32f1xx_hal_tim.o
    0x08002140   0x08002140   0x0000004c   Code   RO          297    i.HAL_TIM_MspPostInit  tim.o
    0x0800218c   0x0800218c   0x00000002   Code   RO         1929    i.HAL_TIM_OC_DelayElapsedCallback  stm32f1xx_hal_tim.o
    0x0800218e   0x0800218e   0x000000cc   Code   RO         1950    i.HAL_TIM_PWM_ConfigChannel  stm32f1xx_hal_tim.o
    0x0800225a   0x0800225a   0x0000005a   Code   RO         1953    i.HAL_TIM_PWM_Init  stm32f1xx_hal_tim.o
    0x080022b4   0x080022b4   0x00000002   Code   RO         1955    i.HAL_TIM_PWM_MspInit  stm32f1xx_hal_tim.o
    0x080022b6   0x080022b6   0x00000002   Code   RO         1956    i.HAL_TIM_PWM_PulseFinishedCallback  stm32f1xx_hal_tim.o
    0x080022b8   0x080022b8   0x0000009c   Code   RO         1958    i.HAL_TIM_PWM_Start  stm32f1xx_hal_tim.o
    0x08002354   0x08002354   0x0000013c   Code   RO          432    i.HAL_TIM_PeriodElapsedCallback  stm32f1xx_it.o
    0x08002490   0x08002490   0x00000002   Code   RO         1969    i.HAL_TIM_TriggerCallback  stm32f1xx_hal_tim.o
    0x08002492   0x08002492   0x00000002   Code   RO         2861    i.HAL_UARTEx_RxEventCallback  stm32f1xx_hal_uart.o
    0x08002494   0x08002494   0x00000002   Code   RO         2875    i.HAL_UART_ErrorCallback  stm32f1xx_hal_uart.o
    0x08002496   0x08002496   0x00000002   PAD
    0x08002498   0x08002498   0x0000026c   Code   RO         2878    i.HAL_UART_IRQHandler  stm32f1xx_hal_uart.o
    0x08002704   0x08002704   0x00000064   Code   RO         2879    i.HAL_UART_Init     stm32f1xx_hal_uart.o
    0x08002768   0x08002768   0x000000dc   Code   RO          366    i.HAL_UART_MspInit  usart.o
    0x08002844   0x08002844   0x000000b0   Code   RO         2882    i.HAL_UART_Receive  stm32f1xx_hal_uart.o
    0x080028f4   0x080028f4   0x0000001c   Code   RO         2884    i.HAL_UART_Receive_IT  stm32f1xx_hal_uart.o
    0x08002910   0x08002910   0x00000118   Code   RO          433    i.HAL_UART_RxCpltCallback  stm32f1xx_it.o
    0x08002a28   0x08002a28   0x000000a0   Code   RO         2887    i.HAL_UART_Transmit  stm32f1xx_hal_uart.o
    0x08002ac8   0x08002ac8   0x00000002   Code   RO         2890    i.HAL_UART_TxCpltCallback  stm32f1xx_hal_uart.o
    0x08002aca   0x08002aca   0x00000002   PAD
    0x08002acc   0x08002acc   0x00000024   Code   RO         4171    i.HC_SR04_Delayus   hc_sr04.o
    0x08002af0   0x08002af0   0x0000009c   Code   RO         4172    i.HC_SR04_Read      hc_sr04.o
    0x08002b8c   0x08002b8c   0x00000002   Code   RO          434    i.HardFault_Handler  stm32f1xx_it.o
    0x08002b8e   0x08002b8e   0x00000002   PAD
    0x08002b90   0x08002b90   0x00000040   Code   RO         3347    i.IIC_Start         oled.o
    0x08002bd0   0x08002bd0   0x00000034   Code   RO         3348    i.IIC_Stop          oled.o
    0x08002c04   0x08002c04   0x00000024   Code   RO         3349    i.IIC_Wait_Ack      oled.o
    0x08002c28   0x08002c28   0x00000058   Code   RO         4736    i.MPU_IIC_Ack       mpuiic.o
    0x08002c80   0x08002c80   0x00000002   Code   RO         4738    i.MPU_IIC_Init      mpuiic.o
    0x08002c82   0x08002c82   0x00000002   PAD
    0x08002c84   0x08002c84   0x00000058   Code   RO         4739    i.MPU_IIC_NAck      mpuiic.o
    0x08002cdc   0x08002cdc   0x00000078   Code   RO         4740    i.MPU_IIC_Read_Byte  mpuiic.o
    0x08002d54   0x08002d54   0x00000074   Code   RO         4741    i.MPU_IIC_Send_Byte  mpuiic.o
    0x08002dc8   0x08002dc8   0x00000058   Code   RO         4742    i.MPU_IIC_Start     mpuiic.o
    0x08002e20   0x08002e20   0x00000058   Code   RO         4743    i.MPU_IIC_Stop      mpuiic.o
    0x08002e78   0x08002e78   0x00000070   Code   RO         4744    i.MPU_IIC_Wait_Ack  mpuiic.o
    0x08002ee8   0x08002ee8   0x00000076   Code   RO         4819    i.MPU_Init          mpu6050.o
    0x08002f5e   0x08002f5e   0x0000003a   Code   RO         4820    i.MPU_Read_Byte     mpu6050.o
    0x08002f98   0x08002f98   0x0000006c   Code   RO         4821    i.MPU_Read_Len      mpu6050.o
    0x08003004   0x08003004   0x0000000a   Code   RO         4822    i.MPU_Set_Accel_Fsr  mpu6050.o
    0x0800300e   0x0800300e   0x0000000a   Code   RO         4823    i.MPU_Set_Gyro_Fsr  mpu6050.o
    0x08003018   0x08003018   0x00000030   Code   RO         4824    i.MPU_Set_LPF       mpu6050.o
    0x08003048   0x08003048   0x0000002e   Code   RO         4825    i.MPU_Set_Rate      mpu6050.o
    0x08003076   0x08003076   0x0000003c   Code   RO         4826    i.MPU_Write_Byte    mpu6050.o
    0x080030b2   0x080030b2   0x00000052   Code   RO         4827    i.MPU_Write_Len     mpu6050.o
    0x08003104   0x08003104   0x00000050   Code   RO          247    i.MX_ADC2_Init      adc.o
    0x08003154   0x08003154   0x0000015c   Code   RO          215    i.MX_GPIO_Init      gpio.o
    0x080032b0   0x080032b0   0x000000dc   Code   RO          298    i.MX_TIM1_Init      tim.o
    0x0800338c   0x0800338c   0x0000006c   Code   RO          299    i.MX_TIM2_Init      tim.o
    0x080033f8   0x080033f8   0x0000006c   Code   RO          300    i.MX_TIM4_Init      tim.o
    0x08003464   0x08003464   0x00000038   Code   RO          367    i.MX_USART1_UART_Init  usart.o
    0x0800349c   0x0800349c   0x00000038   Code   RO          368    i.MX_USART3_UART_Init  usart.o
    0x080034d4   0x080034d4   0x00000002   Code   RO          435    i.MemManage_Handler  stm32f1xx_it.o
    0x080034d6   0x080034d6   0x00000002   PAD
    0x080034d8   0x080034d8   0x00000048   Code   RO         3250    i.Motor_AddSpeed    motor.o
    0x08003520   0x08003520   0x00000048   Code   RO         3251    i.Motor_MinusSpeed  motor.o
    0x08003568   0x08003568   0x00000074   Code   RO         3252    i.Motor_Set         motor.o
    0x080035dc   0x080035dc   0x00000044   Code   RO         3253    i.Motor_SetSpeed    motor.o
    0x08003620   0x08003620   0x00000002   Code   RO          436    i.NMI_Handler       stm32f1xx_it.o
    0x08003622   0x08003622   0x0000003a   Code   RO         3350    i.OLED_Clear        oled.o
    0x0800365c   0x0800365c   0x000000e6   Code   RO         3354    i.OLED_Init         oled.o
    0x08003742   0x08003742   0x0000002a   Code   RO         3356    i.OLED_Set_Pos      oled.o
    0x0800376c   0x0800376c   0x00000088   Code   RO         3358    i.OLED_ShowChar     oled.o
    0x080037f4   0x080037f4   0x00000036   Code   RO         3361    i.OLED_ShowString   oled.o
    0x0800382a   0x0800382a   0x0000000c   Code   RO         3362    i.OLED_WR_Byte      oled.o
    0x08003836   0x08003836   0x00000002   PAD
    0x08003838   0x08003838   0x000000a0   Code   RO         3510    i.PID_Init          pid.o
    0x080038d8   0x080038d8   0x00000052   Code   RO         3511    i.PID_Realize       pid.o
    0x0800392a   0x0800392a   0x00000002   Code   RO          437    i.PendSV_Handler    stm32f1xx_it.o
    0x0800392c   0x0800392c   0x00000002   Code   RO          438    i.SVC_Handler       stm32f1xx_it.o
    0x0800392e   0x0800392e   0x00000004   Code   RO          439    i.SysTick_Handler   stm32f1xx_it.o
    0x08003932   0x08003932   0x00000078   Code   RO           14    i.SystemClock_Config  main.o
    0x080039aa   0x080039aa   0x00000002   Code   RO         3213    i.SystemInit        system_stm32f1xx.o
    0x080039ac   0x080039ac   0x0000000c   Code   RO          440    i.TIM1_UP_IRQHandler  stm32f1xx_it.o
    0x080039b8   0x080039b8   0x0000000c   Code   RO          441    i.TIM2_IRQHandler   stm32f1xx_it.o
    0x080039c4   0x080039c4   0x0000000c   Code   RO          442    i.TIM4_IRQHandler   stm32f1xx_it.o
    0x080039d0   0x080039d0   0x00000078   Code   RO         1971    i.TIM_Base_SetConfig  stm32f1xx_hal_tim.o
    0x08003a48   0x08003a48   0x0000001a   Code   RO         1972    i.TIM_CCxChannelCmd  stm32f1xx_hal_tim.o
    0x08003a62   0x08003a62   0x00000014   Code   RO         1982    i.TIM_ETR_SetConfig  stm32f1xx_hal_tim.o
    0x08003a76   0x08003a76   0x00000010   Code   RO         1983    i.TIM_ITRx_SetConfig  stm32f1xx_hal_tim.o
    0x08003a86   0x08003a86   0x00000002   PAD
    0x08003a88   0x08003a88   0x00000050   Code   RO         1984    i.TIM_OC1_SetConfig  stm32f1xx_hal_tim.o
    0x08003ad8   0x08003ad8   0x00000058   Code   RO         1985    i.TIM_OC2_SetConfig  stm32f1xx_hal_tim.o
    0x08003b30   0x08003b30   0x00000058   Code   RO         1986    i.TIM_OC3_SetConfig  stm32f1xx_hal_tim.o
    0x08003b88   0x08003b88   0x00000044   Code   RO         1987    i.TIM_OC4_SetConfig  stm32f1xx_hal_tim.o
    0x08003bcc   0x08003bcc   0x00000022   Code   RO         1989    i.TIM_TI1_ConfigInputStage  stm32f1xx_hal_tim.o
    0x08003bee   0x08003bee   0x00000024   Code   RO         1991    i.TIM_TI2_ConfigInputStage  stm32f1xx_hal_tim.o
    0x08003c12   0x08003c12   0x00000010   Code   RO         2892    i.UART_DMAAbortOnError  stm32f1xx_hal_uart.o
    0x08003c22   0x08003c22   0x0000004e   Code   RO         2902    i.UART_EndRxTransfer  stm32f1xx_hal_uart.o
    0x08003c70   0x08003c70   0x000000c2   Code   RO         2904    i.UART_Receive_IT   stm32f1xx_hal_uart.o
    0x08003d32   0x08003d32   0x00000002   PAD
    0x08003d34   0x08003d34   0x000000b8   Code   RO         2905    i.UART_SetConfig    stm32f1xx_hal_uart.o
    0x08003dec   0x08003dec   0x00000036   Code   RO         2907    i.UART_Start_Receive_IT  stm32f1xx_hal_uart.o
    0x08003e22   0x08003e22   0x00000072   Code   RO         2908    i.UART_WaitOnFlagUntilTimeout  stm32f1xx_hal_uart.o
    0x08003e94   0x08003e94   0x00000044   Code   RO          443    i.USART1_IRQHandler  stm32f1xx_it.o
    0x08003ed8   0x08003ed8   0x0000000c   Code   RO          444    i.USART3_IRQHandler  stm32f1xx_it.o
    0x08003ee4   0x08003ee4   0x00000002   Code   RO          445    i.UsageFault_Handler  stm32f1xx_it.o
    0x08003ee6   0x08003ee6   0x00000002   PAD
    0x08003ee8   0x08003ee8   0x00000064   Code   RO         3363    i.Write_IIC_Byte    oled.o
    0x08003f4c   0x08003f4c   0x0000002e   Code   RO         3364    i.Write_IIC_Command  oled.o
    0x08003f7a   0x08003f7a   0x0000002e   Code   RO         3365    i.Write_IIC_Data    oled.o
    0x08003fa8   0x08003fa8   0x00000020   Code   RO         5185    i.__0printf         mc_w.l(printfa.o)
    0x08003fc8   0x08003fc8   0x00000028   Code   RO         5187    i.__0sprintf        mc_w.l(printfa.o)
    0x08003ff0   0x08003ff0   0x00000028   Code   RO         5309    i.__ARM_fpclassify  m_ws.l(fpclassify.o)
    0x08004018   0x08004018   0x00000020   Code   RO         1389    i.__NVIC_SetPriority  stm32f1xx_hal_cortex.o
    0x08004038   0x08004038   0x000000aa   Code   RO         5311    i.__kernel_poly     m_ws.l(poly.o)
    0x080040e2   0x080040e2   0x00000006   Code   RO         5296    i.__mathlib_dbl_infnan  m_ws.l(dunder.o)
    0x080040e8   0x080040e8   0x00000004   Code   RO         5297    i.__mathlib_dbl_infnan2  m_ws.l(dunder.o)
    0x080040ec   0x080040ec   0x0000000c   Code   RO         5298    i.__mathlib_dbl_invalid  m_ws.l(dunder.o)
    0x080040f8   0x080040f8   0x00000010   Code   RO         5301    i.__mathlib_dbl_underflow  m_ws.l(dunder.o)
    0x08004108   0x08004108   0x0000000e   Code   RO         5382    i.__scatterload_copy  mc_w.l(handlers.o)
    0x08004116   0x08004116   0x00000002   Code   RO         5383    i.__scatterload_null  mc_w.l(handlers.o)
    0x08004118   0x08004118   0x0000000e   Code   RO         5384    i.__scatterload_zeroinit  mc_w.l(handlers.o)
    0x08004126   0x08004126   0x00000002   PAD
    0x08004128   0x08004128   0x0000000c   Code   RO         5349    i.__set_errno       mc_w.l(errno.o)
    0x08004134   0x08004134   0x00000184   Code   RO         5192    i._fp_digits        mc_w.l(printfa.o)
    0x080042b8   0x080042b8   0x000006dc   Code   RO         5193    i._printf_core      mc_w.l(printfa.o)
    0x08004994   0x08004994   0x00000024   Code   RO         5194    i._printf_post_padding  mc_w.l(printfa.o)
    0x080049b8   0x080049b8   0x0000002e   Code   RO         5195    i._printf_pre_padding  mc_w.l(printfa.o)
    0x080049e6   0x080049e6   0x0000000a   Code   RO         5197    i._sputc            mc_w.l(printfa.o)
    0x080049f0   0x080049f0   0x00000080   Code   RO         4204    i.accel_self_test   inv_mpu.o
    0x08004a70   0x08004a70   0x00000058   Code   RO          248    i.adcGetBatteryVoltage  adc.o
    0x08004ac8   0x08004ac8   0x00000270   Code   RO         4906    i.asin              m_ws.l(asin.o)
    0x08004d38   0x08004d38   0x00000220   Code   RO         5286    i.atan              m_ws.l(atan.o)
    0x08004f58   0x08004f58   0x00000180   Code   RO         4916    i.atan2             m_ws.l(atan2.o)
    0x080050d8   0x080050d8   0x0000003a   Code   RO         4556    i.dmp_enable_6x_lp_quat  inv_mpu_dmp_motion_driver.o
    0x08005112   0x08005112   0x00000002   PAD
    0x08005114   0x08005114   0x000001d8   Code   RO         4557    i.dmp_enable_feature  inv_mpu_dmp_motion_driver.o
    0x080052ec   0x080052ec   0x0000003c   Code   RO         4558    i.dmp_enable_gyro_cal  inv_mpu_dmp_motion_driver.o
    0x08005328   0x08005328   0x0000003a   Code   RO         4559    i.dmp_enable_lp_quat  inv_mpu_dmp_motion_driver.o
    0x08005362   0x08005362   0x00000002   PAD
    0x08005364   0x08005364   0x00000014   Code   RO         4564    i.dmp_load_motion_driver_firmware  inv_mpu_dmp_motion_driver.o
    0x08005378   0x08005378   0x00000144   Code   RO         4565    i.dmp_read_fifo     inv_mpu_dmp_motion_driver.o
    0x080054bc   0x080054bc   0x000000d8   Code   RO         4568    i.dmp_set_accel_bias  inv_mpu_dmp_motion_driver.o
    0x08005594   0x08005594   0x00000064   Code   RO         4569    i.dmp_set_fifo_rate  inv_mpu_dmp_motion_driver.o
    0x080055f8   0x080055f8   0x000000cc   Code   RO         4570    i.dmp_set_gyro_bias  inv_mpu_dmp_motion_driver.o
    0x080056c4   0x080056c4   0x0000010c   Code   RO         4572    i.dmp_set_orientation  inv_mpu_dmp_motion_driver.o
    0x080057d0   0x080057d0   0x00000030   Code   RO         4575    i.dmp_set_shake_reject_thresh  inv_mpu_dmp_motion_driver.o
    0x08005800   0x08005800   0x00000020   Code   RO         4576    i.dmp_set_shake_reject_time  inv_mpu_dmp_motion_driver.o
    0x08005820   0x08005820   0x00000020   Code   RO         4577    i.dmp_set_shake_reject_timeout  inv_mpu_dmp_motion_driver.o
    0x08005840   0x08005840   0x00000040   Code   RO         4578    i.dmp_set_tap_axes  inv_mpu_dmp_motion_driver.o
    0x08005880   0x08005880   0x00000022   Code   RO         4579    i.dmp_set_tap_count  inv_mpu_dmp_motion_driver.o
    0x080058a2   0x080058a2   0x00000002   PAD
    0x080058a4   0x080058a4   0x00000128   Code   RO         4580    i.dmp_set_tap_thresh  inv_mpu_dmp_motion_driver.o
    0x080059cc   0x080059cc   0x00000020   Code   RO         4581    i.dmp_set_tap_time  inv_mpu_dmp_motion_driver.o
    0x080059ec   0x080059ec   0x00000020   Code   RO         4582    i.dmp_set_tap_time_multi  inv_mpu_dmp_motion_driver.o
    0x08005a0c   0x08005a0c   0x00000018   Code   RO          370    i.fputc             usart.o
    0x08005a24   0x08005a24   0x000000ac   Code   RO         4205    i.get_accel_prod_shift  inv_mpu.o
    0x08005ad0   0x08005ad0   0x00000314   Code   RO         4206    i.get_st_biases     inv_mpu.o
    0x08005de4   0x08005de4   0x000000d4   Code   RO         4207    i.gyro_self_test    inv_mpu.o
    0x08005eb8   0x08005eb8   0x00000022   Code   RO         4208    i.inv_orientation_matrix_to_scalar  inv_mpu.o
    0x08005eda   0x08005eda   0x00000048   Code   RO         4209    i.inv_row_2_scale   inv_mpu.o
    0x08005f22   0x08005f22   0x00000002   PAD
    0x08005f24   0x08005f24   0x00000654   Code   RO           15    i.main              main.o
    0x08006578   0x08006578   0x00000002   Code   RO         4210    i.mget_ms           inv_mpu.o
    0x0800657a   0x0800657a   0x00000002   PAD
    0x0800657c   0x0800657c   0x00000054   Code   RO         4211    i.mpu_configure_fifo  inv_mpu.o
    0x080065d0   0x080065d0   0x0000019c   Code   RO         4212    i.mpu_dmp_get_data  inv_mpu.o
    0x0800676c   0x0800676c   0x000000a4   Code   RO         4213    i.mpu_dmp_init      inv_mpu.o
    0x08006810   0x08006810   0x0000003c   Code   RO         4214    i.mpu_get_accel_fsr  inv_mpu.o
    0x0800684c   0x0800684c   0x00000044   Code   RO         4216    i.mpu_get_accel_sens  inv_mpu.o
    0x08006890   0x08006890   0x00000034   Code   RO         4222    i.mpu_get_gyro_fsr  inv_mpu.o
    0x080068c4   0x080068c4   0x00000040   Code   RO         4224    i.mpu_get_gyro_sens  inv_mpu.o
    0x08006904   0x08006904   0x00000038   Code   RO         4226    i.mpu_get_lpf       inv_mpu.o
    0x0800693c   0x0800693c   0x0000001c   Code   RO         4228    i.mpu_get_sample_rate  inv_mpu.o
    0x08006958   0x08006958   0x00000188   Code   RO         4230    i.mpu_init          inv_mpu.o
    0x08006ae0   0x08006ae0   0x000000a0   Code   RO         4231    i.mpu_load_firmware  inv_mpu.o
    0x08006b80   0x08006b80   0x000000b8   Code   RO         4232    i.mpu_lp_accel_mode  inv_mpu.o
    0x08006c38   0x08006c38   0x00000090   Code   RO         4235    i.mpu_read_fifo_stream  inv_mpu.o
    0x08006cc8   0x08006cc8   0x00000054   Code   RO         4236    i.mpu_read_mem      inv_mpu.o
    0x08006d1c   0x08006d1c   0x00000160   Code   RO         4239    i.mpu_reset_fifo    inv_mpu.o
    0x08006e7c   0x08006e7c   0x000000f0   Code   RO         4240    i.mpu_run_self_test  inv_mpu.o
    0x08006f6c   0x08006f6c   0x00000068   Code   RO         4242    i.mpu_set_accel_fsr  inv_mpu.o
    0x08006fd4   0x08006fd4   0x000000dc   Code   RO         4243    i.mpu_set_bypass    inv_mpu.o
    0x080070b0   0x080070b0   0x00000078   Code   RO         4245    i.mpu_set_dmp_state  inv_mpu.o
    0x08007128   0x08007128   0x0000006c   Code   RO         4246    i.mpu_set_gyro_fsr  inv_mpu.o
    0x08007194   0x08007194   0x00000064   Code   RO         4247    i.mpu_set_int_latched  inv_mpu.o
    0x080071f8   0x080071f8   0x0000006c   Code   RO         4249    i.mpu_set_lpf       inv_mpu.o
    0x08007264   0x08007264   0x00000080   Code   RO         4250    i.mpu_set_sample_rate  inv_mpu.o
    0x080072e4   0x080072e4   0x000000b8   Code   RO         4251    i.mpu_set_sensors   inv_mpu.o
    0x0800739c   0x0800739c   0x00000054   Code   RO         4252    i.mpu_write_mem     inv_mpu.o
    0x080073f0   0x080073f0   0x00000024   Code   RO         4745    i.mpuiic_Delayus    mpuiic.o
    0x08007414   0x08007414   0x00000080   Code   RO         4253    i.run_self_test     inv_mpu.o
    0x08007494   0x08007494   0x00000058   Code   RO         4254    i.set_int_enable    inv_mpu.o
    0x080074ec   0x080074ec   0x0000004c   Code   RO         5315    i.sqrt              m_ws.l(sqrt.o)
    0x08007538   0x08007538   0x00000012   Data   RO         1087    .constdata          stm32f1xx_hal_rcc.o
    0x0800754a   0x0800754a   0x00000012   Data   RO         1179    .constdata          stm32f1xx_hal_rcc_ex.o
    0x0800755c   0x0800755c   0x00000010   Data   RO         3214    .constdata          system_stm32f1xx.o
    0x0800756c   0x0800756c   0x00000008   Data   RO         3215    .constdata          system_stm32f1xx.o
    0x08007574   0x08007574   0x00000818   Data   RO         3368    .constdata          oled.o
    0x08007d8c   0x08007d8c   0x0000001b   Data   RO         4256    .constdata          inv_mpu.o
    0x08007da7   0x08007da7   0x00000001   PAD
    0x08007da8   0x08007da8   0x0000000c   Data   RO         4257    .constdata          inv_mpu.o
    0x08007db4   0x08007db4   0x00000028   Data   RO         4258    .constdata          inv_mpu.o
    0x08007ddc   0x08007ddc   0x00000bf6   Data   RO         4584    .constdata          inv_mpu_dmp_motion_driver.o
    0x080089d2   0x080089d2   0x00000006   PAD
    0x080089d8   0x080089d8   0x00000050   Data   RO         4907    .constdata          m_ws.l(asin.o)
    0x08008a28   0x08008a28   0x00000098   Data   RO         5287    .constdata          m_ws.l(atan.o)
    0x08008ac0   0x08008ac0   0x00000008   Data   RO         5313    .constdata          m_ws.l(qnan.o)
    0x08008ac8   0x08008ac8   0x0000004d   Data   RO         4259    .conststring        inv_mpu.o
    0x08008b15   0x08008b15   0x00000003   PAD
    0x08008b18   0x08008b18   0x00000020   Data   RO         5380    Region$$Table       anon$$obj.o


    Execution Region RW_IRAM1 (Exec base: 0x20000000, Load base: 0x08008b38, Size: 0x00000c50, Max: 0x00005000, ABSOLUTE)

    Exec Addr    Load Addr    Size         Type   Attr      Idx    E Section Name        Object

    0x20000000   0x08008b38   0x00000034   Data   RW           17    .data               main.o
    0x20000034   0x08008b6c   0x00000014   Data   RW          447    .data               stm32f1xx_it.o
    0x20000048   0x08008b80   0x0000000c   Data   RW          924    .data               stm32f1xx_hal.o
    0x20000054   0x08008b8c   0x00000004   Data   RW         3216    .data               system_stm32f1xx.o
    0x20000058   0x08008b90   0x00000008   Data   RW         3254    .data               motor.o
    0x20000060   0x08008b98   0x00000035   Data   RW         4260    .data               inv_mpu.o
    0x20000095   0x08008bcd   0x00000003   PAD
    0x20000098   0x08008bd0   0x00000004   Data   RW         5336    .data               mc_w.l(stdout.o)
    0x2000009c   0x08008bd4   0x00000004   Data   RW         5350    .data               mc_w.l(errno.o)
    0x200000a0        -       0x00000064   Zero   RW           16    .bss                main.o
    0x20000104        -       0x00000030   Zero   RW          249    .bss                adc.o
    0x20000134        -       0x000000d8   Zero   RW          301    .bss                tim.o
    0x2000020c        -       0x00000090   Zero   RW          371    .bss                usart.o
    0x2000029c        -       0x00000100   Zero   RW          446    .bss                stm32f1xx_it.o
    0x2000039c        -       0x000000a0   Zero   RW         3514    .bss                pid.o
    0x2000043c        -       0x00000010   Zero   RW         4583    .bss                inv_mpu_dmp_motion_driver.o
    0x2000044c   0x08008bd8   0x00000004   PAD
    0x20000450        -       0x00000800   Zero   RW            1    STACK               startup_stm32f103xb.o


==============================================================================

Image component sizes


      Code (inc. data)   RO Data    RW Data    ZI Data      Debug   Object Name

       256         38          0          0         48       1976   adc.o
       456         42          0          0          0       1591   gpio.o
       192         34          0          0          0       1349   hc_sr04.o
      5324        290        156         53          0      28698   inv_mpu.o
      2350        118       3062          0         16      18758   inv_mpu_dmp_motion_driver.o
      1744        312          0         52        100     446166   main.o
       328         58          0          8          0       2198   motor.o
       540          0          0          0          0       5401   mpu6050.o
       738         46          0          0          0       5165   mpuiic.o
       876         42       2072          0          0       7229   oled.o
       242         42          0          0        160       1920   pid.o
        36          8        236          0       2048        760   startup_stm32f103xb.o
       164         28          0         12          0       5569   stm32f1xx_hal.o
      1260         54          0          0          0       6192   stm32f1xx_hal_adc.o
       198         14          0          0          0      28683   stm32f1xx_hal_cortex.o
       222          4          0          0          0       1643   stm32f1xx_hal_dma.o
       540         40          0          0          0       4463   stm32f1xx_hal_gpio.o
        60          8          0          0          0        790   stm32f1xx_hal_msp.o
      1240         84         18          0          0       4860   stm32f1xx_hal_rcc.o
       400         28         18          0          0       2345   stm32f1xx_hal_rcc_ex.o
      2044         56          0          0          0      16985   stm32f1xx_hal_tim.o
       192         12          0          0          0       2977   stm32f1xx_hal_tim_ex.o
      1730         10          0          0          0      11431   stm32f1xx_hal_uart.o
       746        128          0         20        256       8698   stm32f1xx_it.o
         2          0         24          4          0        987   system_stm32f1xx.o
       748         60          0          0        216       4084   tim.o
       356         42          0          0        144       2682   usart.o

    ----------------------------------------------------------------------
     23024       1598       5628        152       2992     623600   Object Totals
         0          0         32          0          0          0   (incl. Generated)
        40          0         10          3          4          0   (incl. Padding)

    ----------------------------------------------------------------------

      Code (inc. data)   RO Data    RW Data    ZI Data      Debug   Library Member Name

       624         52         80          0          0        168   asin.o
       544         70        152          0          0        124   atan.o
       384         38          0          0          0        144   atan2.o
        38          6          0          0          0        272   dunder.o
        40          0          0          0          0         68   fpclassify.o
       170          0          0          0          0         96   poly.o
         0          0          8          0          0          0   qnan.o
        76          0          0          0          0         84   sqrt.o
         0          0          0          0          0          0   entry.o
         0          0          0          0          0          0   entry10a.o
         0          0          0          0          0          0   entry11a.o
         8          4          0          0          0          0   entry2.o
         4          0          0          0          0          0   entry5.o
         0          0          0          0          0          0   entry7b.o
         0          0          0          0          0          0   entry8b.o
         8          4          0          0          0          0   entry9a.o
        12          6          0          4          0         68   errno.o
        30          0          0          0          0          0   handlers.o
        36          8          0          0          0         68   init.o
         0          0          0          0          0          0   iusefp.o
        98          0          0          0          0         84   ldiv.o
        30          0          0          0          0         68   llshl.o
        36          0          0          0          0         68   llsshr.o
        32          0          0          0          0         68   llushr.o
        26          0          0          0          0         80   memcmp.o
        36          0          0          0          0        108   memseta.o
      2308         96          0          0          0        604   printfa.o
         0          0          0          4          0          0   stdout.o
        14          0          0          0          0         68   strlen.o
        44          0          0          0          0         80   uidiv.o
        98          0          0          0          0         92   uldiv.o
        48          0          0          0          0         68   cdrcmple.o
        56          0          0          0          0         88   d2f.o
       334          0          0          0          0        148   dadd.o
       222          0          0          0          0        100   ddiv.o
       186          0          0          0          0        176   depilogue.o
        48          0          0          0          0         68   dfixul.o
        26          0          0          0          0         76   dfltui.o
       228          0          0          0          0         96   dmul.o
        46          0          0          0          0         80   dscalb.o
       162          0          0          0          0        100   dsqrt.o
        38          0          0          0          0         68   f2d.o
       176          0          0          0          0        140   fadd.o
       124          0          0          0          0         88   fdiv.o
       110          0          0          0          0        168   fepilogue.o
        50          0          0          0          0         68   ffixi.o
        40          0          0          0          0         68   ffixui.o
        18          0          0          0          0         68   fflti.o
        10          0          0          0          0         68   ffltui.o
       100          0          0          0          0         76   fmul.o
        24          0          0          0          0         68   fscalb.o

    ----------------------------------------------------------------------
      6748        284        240          8          0       4292   Library Totals
         6          0          0          0          0          0   (incl. Padding)

    ----------------------------------------------------------------------

      Code (inc. data)   RO Data    RW Data    ZI Data      Debug   Library Name

      1876        166        240          0          0        956   m_ws.l
      2820        118          0          8          0       1456   mc_w.l
      2046          0          0          0          0       1880   mf_w.l

    ----------------------------------------------------------------------
      6748        284        240          8          0       4292   Library Totals

    ----------------------------------------------------------------------

==============================================================================


      Code (inc. data)   RO Data    RW Data    ZI Data      Debug   

     29772       1882       5868        160       2992     615408   Grand Totals
     29772       1882       5868        160       2992     615408   ELF Image Totals
     29772       1882       5868        160          0          0   ROM Totals

==============================================================================

    Total RO  Size (Code + RO Data)                35640 (  34.80kB)
    Total RW  Size (RW Data + ZI Data)              3152 (   3.08kB)
    Total ROM Size (Code + RO Data + RW Data)      35800 (  34.96kB)

==============================================================================

